Archive member included to satisfy reference by file (symbol)

C:/ST/STM32CubeIDE_2.0.0/STM32CubeIDE/plugins/com.st.stm32cube.ide.mcu.externaltools.gnu-tools-for-stm32.13.3.rel1.win32_1.0.100.202509120712/tools/bin/../lib/gcc/arm-none-eabi/13.3.1/../../../../arm-none-eabi/lib/thumb/v7e-m+fp/hard\libc_nano.a(libc_a-exit.o)
                              C:/ST/STM32CubeIDE_2.0.0/STM32CubeIDE/plugins/com.st.stm32cube.ide.mcu.externaltools.gnu-tools-for-stm32.13.3.rel1.win32_1.0.100.202509120712/tools/bin/../lib/gcc/arm-none-eabi/13.3.1/../../../../arm-none-eabi/lib/thumb/v7e-m+fp/hard/crt0.o (exit)
C:/ST/STM32CubeIDE_2.0.0/STM32CubeIDE/plugins/com.st.stm32cube.ide.mcu.externaltools.gnu-tools-for-stm32.13.3.rel1.win32_1.0.100.202509120712/tools/bin/../lib/gcc/arm-none-eabi/13.3.1/../../../../arm-none-eabi/lib/thumb/v7e-m+fp/hard\libc_nano.a(libc_a-findfp.o)
                              C:/ST/STM32CubeIDE_2.0.0/STM32CubeIDE/plugins/com.st.stm32cube.ide.mcu.externaltools.gnu-tools-for-stm32.13.3.rel1.win32_1.0.100.202509120712/tools/bin/../lib/gcc/arm-none-eabi/13.3.1/../../../../arm-none-eabi/lib/thumb/v7e-m+fp/hard\libc_nano.a(libc_a-exit.o) (__stdio_exit_handler)
C:/ST/STM32CubeIDE_2.0.0/STM32CubeIDE/plugins/com.st.stm32cube.ide.mcu.externaltools.gnu-tools-for-stm32.13.3.rel1.win32_1.0.100.202509120712/tools/bin/../lib/gcc/arm-none-eabi/13.3.1/../../../../arm-none-eabi/lib/thumb/v7e-m+fp/hard\libc_nano.a(libc_a-fwalk.o)
                              C:/ST/STM32CubeIDE_2.0.0/STM32CubeIDE/plugins/com.st.stm32cube.ide.mcu.externaltools.gnu-tools-for-stm32.13.3.rel1.win32_1.0.100.202509120712/tools/bin/../lib/gcc/arm-none-eabi/13.3.1/../../../../arm-none-eabi/lib/thumb/v7e-m+fp/hard\libc_nano.a(libc_a-findfp.o) (_fwalk_sglue)
C:/ST/STM32CubeIDE_2.0.0/STM32CubeIDE/plugins/com.st.stm32cube.ide.mcu.externaltools.gnu-tools-for-stm32.13.3.rel1.win32_1.0.100.202509120712/tools/bin/../lib/gcc/arm-none-eabi/13.3.1/../../../../arm-none-eabi/lib/thumb/v7e-m+fp/hard\libc_nano.a(libc_a-snprintf.o)
                              ./Core/Src/main.o (snprintf)
C:/ST/STM32CubeIDE_2.0.0/STM32CubeIDE/plugins/com.st.stm32cube.ide.mcu.externaltools.gnu-tools-for-stm32.13.3.rel1.win32_1.0.100.202509120712/tools/bin/../lib/gcc/arm-none-eabi/13.3.1/../../../../arm-none-eabi/lib/thumb/v7e-m+fp/hard\libc_nano.a(libc_a-stdio.o)
                              C:/ST/STM32CubeIDE_2.0.0/STM32CubeIDE/plugins/com.st.stm32cube.ide.mcu.externaltools.gnu-tools-for-stm32.13.3.rel1.win32_1.0.100.202509120712/tools/bin/../lib/gcc/arm-none-eabi/13.3.1/../../../../arm-none-eabi/lib/thumb/v7e-m+fp/hard\libc_nano.a(libc_a-findfp.o) (__sread)
C:/ST/STM32CubeIDE_2.0.0/STM32CubeIDE/plugins/com.st.stm32cube.ide.mcu.externaltools.gnu-tools-for-stm32.13.3.rel1.win32_1.0.100.202509120712/tools/bin/../lib/gcc/arm-none-eabi/13.3.1/../../../../arm-none-eabi/lib/thumb/v7e-m+fp/hard\libc_nano.a(libc_a-memset.o)
                              C:/ST/STM32CubeIDE_2.0.0/STM32CubeIDE/plugins/com.st.stm32cube.ide.mcu.externaltools.gnu-tools-for-stm32.13.3.rel1.win32_1.0.100.202509120712/tools/bin/../lib/gcc/arm-none-eabi/13.3.1/../../../../arm-none-eabi/lib/thumb/v7e-m+fp/hard/crt0.o (memset)
C:/ST/STM32CubeIDE_2.0.0/STM32CubeIDE/plugins/com.st.stm32cube.ide.mcu.externaltools.gnu-tools-for-stm32.13.3.rel1.win32_1.0.100.202509120712/tools/bin/../lib/gcc/arm-none-eabi/13.3.1/../../../../arm-none-eabi/lib/thumb/v7e-m+fp/hard\libc_nano.a(libc_a-closer.o)
                              C:/ST/STM32CubeIDE_2.0.0/STM32CubeIDE/plugins/com.st.stm32cube.ide.mcu.externaltools.gnu-tools-for-stm32.13.3.rel1.win32_1.0.100.202509120712/tools/bin/../lib/gcc/arm-none-eabi/13.3.1/../../../../arm-none-eabi/lib/thumb/v7e-m+fp/hard\libc_nano.a(libc_a-stdio.o) (_close_r)
C:/ST/STM32CubeIDE_2.0.0/STM32CubeIDE/plugins/com.st.stm32cube.ide.mcu.externaltools.gnu-tools-for-stm32.13.3.rel1.win32_1.0.100.202509120712/tools/bin/../lib/gcc/arm-none-eabi/13.3.1/../../../../arm-none-eabi/lib/thumb/v7e-m+fp/hard\libc_nano.a(libc_a-reent.o)
                              C:/ST/STM32CubeIDE_2.0.0/STM32CubeIDE/plugins/com.st.stm32cube.ide.mcu.externaltools.gnu-tools-for-stm32.13.3.rel1.win32_1.0.100.202509120712/tools/bin/../lib/gcc/arm-none-eabi/13.3.1/../../../../arm-none-eabi/lib/thumb/v7e-m+fp/hard\libc_nano.a(libc_a-closer.o) (errno)
C:/ST/STM32CubeIDE_2.0.0/STM32CubeIDE/plugins/com.st.stm32cube.ide.mcu.externaltools.gnu-tools-for-stm32.13.3.rel1.win32_1.0.100.202509120712/tools/bin/../lib/gcc/arm-none-eabi/13.3.1/../../../../arm-none-eabi/lib/thumb/v7e-m+fp/hard\libc_nano.a(libc_a-impure.o)
                              C:/ST/STM32CubeIDE_2.0.0/STM32CubeIDE/plugins/com.st.stm32cube.ide.mcu.externaltools.gnu-tools-for-stm32.13.3.rel1.win32_1.0.100.202509120712/tools/bin/../lib/gcc/arm-none-eabi/13.3.1/../../../../arm-none-eabi/lib/thumb/v7e-m+fp/hard\libc_nano.a(libc_a-snprintf.o) (_impure_ptr)
[...]
Memory Configuration

Name             Origin             Length             Attributes
RAM              0x20000000         0x00020000         xrw
FLASH            0x08000000         0x00080000         xr
*default*        0x00000000         0xffffffff

Linker script and memory map

LOAD C:/ST/STM32CubeIDE_2.0.0/STM32CubeIDE/plugins/com.st.stm32cube.ide.mcu.externaltools.gnu-tools-for-stm32.13.3.rel1.win32_1.0.100.202509120712/tools/bin/../lib/gcc/arm-none-eabi/13.3.1/thumb/v7e-m+fp/hard/crti.o
LOAD C:/ST/STM32CubeIDE_2.0.0/STM32CubeIDE/plugins/com.st.stm32cube.ide.mcu.externaltools.gnu-tools-for-stm32.13.3.rel1.win32_1.0.100.202509120712/tools/bin/../lib/gcc/arm-none-eabi/13.3.1/thumb/v7e-m+fp/hard/crtbegin.o
LOAD C:/ST/STM32CubeIDE_2.0.0/STM32CubeIDE/plugins/com.st.stm32cube.ide.mcu.externaltools.gnu-tools-for-stm32.13.3.rel1.win32_1.0.100.202509120712/tools/bin/../lib/gcc/arm-none-eabi/13.3.1/../../../../arm-none-eabi/lib/thumb/v7e-m+fp/hard/crt0.o
LOAD ./Core/Src/freertos.o
LOAD ./Core/Src/main.o
LOAD ./Core/Src/ssd1306.o
LOAD ./Core/Src/ssd1306_fonts.o
LOAD ./Core/Src/stm32f4xx_hal_msp.o
LOAD ./Core/Src/stm32f4xx_hal_timebase_tim.o
LOAD ./Core/Src/stm32f4xx_it.o
LOAD ./Core/Src/syscalls.o
LOAD ./Core/Src/sysmem.o
LOAD ./Core/Src/system_stm32f4xx.o
LOAD ./Core/Startup/startup_stm32f446retx.o
LOAD ./Drivers/STM32F4xx_HAL_Driver/Src/stm32f4xx_hal.o
LOAD ./Drivers/STM32F4xx_HAL_Driver/Src/stm32f4xx_hal_cortex.o
LOAD ./Drivers/STM32F4xx_HAL_Driver/Src/stm32f4xx_hal_dma.o
LOAD ./Drivers/STM32F4xx_HAL_Driver/Src/stm32f4xx_hal_dma_ex.o
LOAD ./Drivers/STM32F4xx_HAL_Driver/Src/stm32f4xx_hal_exti.o
LOAD ./Drivers/STM32F4xx_HAL_Driver/Src/stm32f4xx_hal_flash.o
LOAD ./Drivers/STM32F4xx_HAL_Driver/Src/stm32f4xx_hal_flash_ex.o
LOAD ./Drivers/STM32F4xx_HAL_Driver/Src/stm32f4xx_hal_flash_ramfunc.o
LOAD ./Drivers/STM32F4xx_HAL_Driver/Src/stm32f4xx_hal_gpio.o
LOAD ./Drivers/STM32F4xx_HAL_Driver/Src/stm32f4xx_hal_i2c.o
LOAD ./Drivers/STM32F4xx_HAL_Driver/Src/stm32f4xx_hal_i2c_ex.o
LOAD ./Drivers/STM32F4xx_HAL_Driver/Src/stm32f4xx_hal_pwr.o
LOAD ./Drivers/STM32F4xx_HAL_Driver/Src/stm32f4xx_hal_pwr_ex.o
LOAD ./Drivers/STM32F4xx_HAL_Driver/Src/stm32f4xx_hal_rcc.o
LOAD ./Drivers/STM32F4xx_HAL_Driver/Src/stm32f4xx_hal_rcc_ex.o
LOAD ./Drivers/STM32F4xx_HAL_Driver/Src/stm32f4xx_hal_tim.o
LOAD ./Drivers/STM32F4xx_HAL_Driver/Src/stm32f4xx_hal_tim_ex.o
LOAD ./Drivers/STM32F4xx_HAL_Driver/Src/stm32f4xx_hal_uart.o
LOAD ./Middlewares/Third_Party/FreeRTOS/Source/CMSIS_RTOS/cmsis_os.o
LOAD ./Middlewares/Third_Party/FreeRTOS/Source/croutine.o
LOAD ./Middlewares/Third_Party/FreeRTOS/Source/event_groups.o
LOAD ./Middlewares/Third_Party/FreeRTOS/Source/list.o
LOAD ./Middlewares/Third_Party/FreeRTOS/Source/queue.o
LOAD ./Middlewares/Third_Party/FreeRTOS/Source/stream_buffer.o
LOAD ./Middlewares/Third_Party/FreeRTOS/Source/tasks.o
LOAD ./Middlewares/Third_Party/FreeRTOS/Source/timers.o
LOAD ./Middlewares/Third_Party/FreeRTOS/Source/portable/GCC/ARM_CM4F/port.o
LOAD ./Middlewares/Third_Party/FreeRTOS/Source/portable/MemMang/heap_4.o
START GROUP
LOAD C:/ST/STM32CubeIDE_2.0.0/STM32CubeIDE/plugins/com.st.stm32cube.ide.mcu.externaltools.gnu-tools-for-stm32.13.3.rel1.win32_1.0.100.202509120712/tools/bin/../lib/gcc/arm-none-eabi/13.3.1/../../../../arm-none-eabi/lib/thumb/v7e-m+fp/hard\libc_nano.a
LOAD C:/ST/STM32CubeIDE_2.0.0/STM32CubeIDE/plugins/com.st.stm32cube.ide.mcu.externaltools.gnu-tools-for-stm32.13.3.rel1.win32_1.0.100.202509120712/tools/bin/../lib/gcc/arm-none-eabi/13.3.1/../../../../arm-none-eabi/lib/thumb/v7e-m+fp/hard\libm.a
END GROUP
START GROUP
LOAD C:/ST/STM32CubeIDE_2.0.0/STM32CubeIDE/plugins/com.st.stm32cube.ide.mcu.externaltools.gnu-tools-for-stm32.13.3.rel1.win32_1.0.100.202509120712/tools/bin/../lib/gcc/arm-none-eabi/13.3.1/thumb/v7e-m+fp/hard\libgcc.a
LOAD C:/ST/STM32CubeIDE_2.0.0/STM32CubeIDE/plugins/com.st.stm32cube.ide.mcu.externaltools.gnu-tools-for-stm32.13.3.rel1.win32_1.0.100.202509120712/tools/bin/../lib/gcc/arm-none-eabi/13.3.1/../../../../arm-none-eabi/lib/thumb/v7e-m+fp/hard\libc_nano.a
END GROUP
START GROUP
LOAD C:/ST/STM32CubeIDE_2.0.0/STM32CubeIDE/plugins/com.st.stm32cube.ide.mcu.externaltools.gnu-tools-for-stm32.13.3.rel1.win32_1.0.100.202509120712/tools/bin/../lib/gcc/arm-none-eabi/13.3.1/thumb/v7e-m+fp/hard\libgcc.a
LOAD C:/ST/STM32CubeIDE_2.0.0/STM32CubeIDE/plugins/com.st.stm32cube.ide.mcu.externaltools.gnu-tools-for-stm32.13.3.rel1.win32_1.0.100.202509120712/tools/bin/../lib/gcc/arm-none-eabi/13.3.1/../../../../arm-none-eabi/lib/thumb/v7e-m+fp/hard\libc_nano.a
LOAD C:/ST/STM32CubeIDE_2.0.0/STM32CubeIDE/plugins/com.st.stm32cube.ide.mcu.externaltools.gnu-tools-for-stm32.13.3.rel1.win32_1.0.100.202509120712/tools/bin/../lib/gcc/arm-none-eabi/13.3.1/../../../../arm-none-eabi/lib/thumb/v7e-m+fp/hard\libnosys.a
END GROUP
START GROUP
LOAD C:/ST/STM32CubeIDE_2.0.0/STM32CubeIDE/plugins/com.st.stm32cube.ide.mcu.externaltools.gnu-tools-for-stm32.13.3.rel1.win32_1.0.100.202509120712/tools/bin/../lib/gcc/arm-none-eabi/13.3.1/thumb/v7e-m+fp/hard\libgcc.a
LOAD C:/ST/STM32CubeIDE_2.0.0/STM32CubeIDE/plugins/com.st.stm32cube.ide.mcu.externaltools.gnu-tools-for-stm32.13.3.rel1.win32_1.0.100.202509120712/tools/bin/../lib/gcc/arm-none-eabi/13.3.1/../../../../arm-none-eabi/lib/thumb/v7e-m+fp/hard\libc_nano.a
LOAD C:/ST/STM32CubeIDE_2.0.0/STM32CubeIDE/plugins/com.st.stm32cube.ide.mcu.externaltools.gnu-tools-for-stm32.13.3.rel1.win32_1.0.100.202509120712/tools/bin/../lib/gcc/arm-none-eabi/13.3.1/../../../../arm-none-eabi/lib/thumb/v7e-m+fp/hard\libnosys.a
END GROUP
LOAD C:/ST/STM32CubeIDE_2.0.0/STM32CubeIDE/plugins/com.st.stm32cube.ide.mcu.externaltools.gnu-tools-for-stm32.13.3.rel1.win32_1.0.100.202509120712/tools/bin/../lib/gcc/arm-none-eabi/13.3.1/thumb/v7e-m+fp/hard/crtend.o
LOAD C:/ST/STM32CubeIDE_2.0.0/STM32CubeIDE/plugins/com.st.stm32cube.ide.mcu.externaltools.gnu-tools-for-stm32.13.3.rel1.win32_1.0.100.202509120712/tools/bin/../lib/gcc/arm-none-eabi/13.3.1/thumb/v7e-m+fp/hard/crtn.o
                0x20020000                        _estack = (ORIGIN (RAM) + LENGTH (RAM))
                0x00000200                        _Min_Heap_Size = 0x200
                0x00000400                        _Min_Stack_Size = 0x400

.isr_vector     0x08000000      0x1c4
                0x08000000                        . = ALIGN (0x4)
 *(.isr_vector)
 .isr_vector    0x08000000      0x1c4 ./Core/Startup/startup_stm32f446retx.o
                0x08000000                g_pfnVectors
                0x080001c4                        . = ALIGN (0x4)

.text           0x080001d0     0x6a08
                0x080001d0                        . = ALIGN (0x4)
 *(.text)
 .text          0x080001d0       0x40 C:/ST/STM32CubeIDE_2.0.0/STM32CubeIDE/plugins/com.st.stm32cube.ide.mcu.externaltools.gnu-tools-for-stm32.13.3.rel1.win32_1.0.100.202509120712/tools/bin/../lib/gcc/arm-none-eabi/13.3.1/thumb/v7e-m+fp/hard/crtbegin.o
 .text          0x08000210       0x10 C:/ST/STM32CubeIDE_2.0.0/STM32CubeIDE/plugins/com.st.stm32cube.ide.mcu.externaltools.gnu-tools-for-stm32.13.3.rel1.win32_1.0.100.202509120712/tools/bin/../lib/gcc/arm-none-eabi/13.3.1/../../../../arm-none-eabi/lib/thumb/v7e-m+fp/hard\libc_nano.a(libc_a-strlen.o)
                0x08000210                strlen
 .text          0x08000220       0xa0 C:/ST/STM32CubeIDE_2.0.0/STM32CubeIDE/plugins/com.st.stm32cube.ide.mcu.externaltools.gnu-tools-for-stm32.13.3.rel1.win32_1.0.100.202509120712/tools/bin/../lib/gcc/arm-none-eabi/13.3.1/../../../../arm-none-eabi/lib/thumb/v7e-m+fp/hard\libc_nano.a(libc_a-memchr.o)
                0x08000220                memchr
 .text          0x080002c0       0x30 C:/ST/STM32CubeIDE_2.0.0/STM32CubeIDE/plugins/com.st.stm32cube.ide.mcu.externaltools.gnu-tools-for-stm32.13.3.rel1.win32_1.0.100.202509120712/tools/bin/../lib/gcc/arm-none-eabi/13.3.1/thumb/v7e-m+fp/hard\libgcc.a(_aeabi_uldivmod.o)
                0x080002c0                __aeabi_uldivmod
 .text          0x080002f0      0x2f8 C:/ST/STM32CubeIDE_2.0.0/STM32CubeIDE/plugins/com.st.stm32cube.ide.mcu.externaltools.gnu-tools-for-stm32.13.3.rel1.win32_1.0.100.202509120712/tools/bin/../lib/gcc/arm-none-eabi/13.3.1/thumb/v7e-m+fp/hard\libgcc.a(_udivmoddi4.o)
                0x080002f0                __udivmoddi4
 .text          0x080005e8        0x4 C:/ST/STM32CubeIDE_2.0.0/STM32CubeIDE/plugins/com.st.stm32cube.ide.mcu.externaltools.gnu-tools-for-stm32.13.3.rel1.win32_1.0.100.202509120712/tools/bin/../lib/gcc/arm-none-eabi/13.3.1/thumb/v7e-m+fp/hard\libgcc.a(_dvmd_tls.o)
                0x080005e8                __aeabi_idiv0
                0x080005e8                __aeabi_ldiv0
 *(.text*)
 .text.vApplicationGetIdleTaskMemory
                0x080005ec       0x34 ./Core/Src/freertos.o
                0x080005ec                vApplicationGetIdleTaskMemory
 .text.main     0x08000620      0x114 ./Core/Src/main.o
                0x08000620                main
 .text.SystemClock_Config
                0x08000734       0xdc ./Core/Src/main.o
                0x08000734                SystemClock_Config
 .text.MX_I2C2_Init
                0x08000810       0x5c ./Core/Src/main.o
 .text.MX_USART2_UART_Init
                0x0800086c       0x54 ./Core/Src/main.o
 .text.MX_GPIO_Init
                0x080008c0      0x170 ./Core/Src/main.o
 .text.HAL_GPIO_EXTI_Callback
                0x08000a30       0x68 ./Core/Src/main.o
                0x08000a30                HAL_GPIO_EXTI_Callback
 .text.PIRSensor_task
                0x08000a98       0x50 ./Core/Src/main.o
                0x08000a98                PIRSensor_task
 .text.BBRSensor_task
                0x08000ae8       0x44 ./Core/Src/main.o
                0x08000ae8                BBRSensor_task
 .text.oledRefresh_task
                0x08000b2c      0x128 ./Core/Src/main.o
                0x08000b2c                oledRefresh_task
 .text.HAL_TIM_PeriodElapsedCallback
                0x08000c54       0x24 ./Core/Src/main.o
                0x08000c54                HAL_TIM_PeriodElapsedCallback
 .text.Error_Handler
                0x08000c78        0xc ./Core/Src/main.o
                0x08000c78                Error_Handler
 .text.ssd1306_Reset
                0x08000c84        0xe ./Core/Src/ssd1306.o
                0x08000c84                ssd1306_Reset
 *fill*         0x08000c92        0x2 
 .text.ssd1306_WriteCommand
                0x08000c94       0x30 ./Core/Src/ssd1306.o
                0x08000c94                ssd1306_WriteCommand
 .text.ssd1306_WriteData
                0x08000cc4       0x34 ./Core/Src/ssd1306.o
                0x08000cc4                ssd1306_WriteData
 .text.ssd1306_Init
                0x08000cf8       0xd4 ./Core/Src/ssd1306.o
                0x08000cf8                ssd1306_Init
 .text.ssd1306_Fill
                0x08000dcc       0x30 ./Core/Src/ssd1306.o
                0x08000dcc                ssd1306_Fill
 .text.ssd1306_UpdateScreen
                0x08000dfc       0x50 ./Core/Src/ssd1306.o
                0x08000dfc                ssd1306_UpdateScreen
 .text.ssd1306_DrawPixel
                0x08000e4c       0xa8 ./Core/Src/ssd1306.o
                0x08000e4c                ssd1306_DrawPixel
 .text.ssd1306_WriteChar
                0x08000ef4      0x124 ./Core/Src/ssd1306.o
                0x08000ef4                ssd1306_WriteChar
 .text.ssd1306_WriteString
                0x08001018       0x4c ./Core/Src/ssd1306.o
                0x08001018                ssd1306_WriteString
 .text.ssd1306_SetCursor
                0x08001064       0x30 ./Core/Src/ssd1306.o
                0x08001064                ssd1306_SetCursor
 .text.ssd1306_SetContrast
                0x08001094       0x26 ./Core/Src/ssd1306.o
                0x08001094                ssd1306_SetContrast
 *fill*         0x080010ba        0x2 
 .text.ssd1306_SetDisplayOn
                0x080010bc       0x3c ./Core/Src/ssd1306.o
                0x080010bc                ssd1306_SetDisplayOn
 .text.HAL_MspInit
                0x080010f8       0x58 ./Core/Src/stm32f4xx_hal_msp.o
                0x080010f8                HAL_MspInit
 .text.HAL_I2C_MspInit
                0x08001150       0xd4 ./Core/Src/stm32f4xx_hal_msp.o
                0x08001150                HAL_I2C_MspInit
 .text.HAL_UART_MspInit
                0x08001224       0x90 ./Core/Src/stm32f4xx_hal_msp.o
                0x08001224                HAL_UART_MspInit
 .text.HAL_InitTick
                0x080012b4       0xf8 ./Core/Src/stm32f4xx_hal_timebase_tim.o
                0x080012b4                HAL_InitTick
 .text.NMI_Handler
                0x080013ac        0x8 ./Core/Src/stm32f4xx_it.o
                0x080013ac                NMI_Handler
 .text.HardFault_Handler
                0x080013b4        0x8 ./Core/Src/stm32f4xx_it.o
                0x080013b4                HardFault_Handler
 .text.MemManage_Handler
                0x080013bc        0x8 ./Core/Src/stm32f4xx_it.o
                0x080013bc                MemManage_Handler
 .text.BusFault_Handler
                0x080013c4        0x8 ./Core/Src/stm32f4xx_it.o
                0x080013c4                BusFault_Handler
 .text.UsageFault_Handler
                0x080013cc        0x8 ./Core/Src/stm32f4xx_it.o
                0x080013cc                UsageFault_Handler
 .text.DebugMon_Handler
                0x080013d4        0xe ./Core/Src/stm32f4xx_it.o
                0x080013d4                DebugMon_Handler
 .text.EXTI9_5_IRQHandler
                0x080013e2        0xe ./Core/Src/stm32f4xx_it.o
                0x080013e2                EXTI9_5_IRQHandler
 .text.EXTI15_10_IRQHandler
                0x080013f0       0x18 ./Core/Src/stm32f4xx_it.o
                0x080013f0                EXTI15_10_IRQHandler
 .text.TIM6_DAC_IRQHandler
                0x08001408       0x14 ./Core/Src/stm32f4xx_it.o
                0x08001408                TIM6_DAC_IRQHandler
 .text._sbrk    0x0800141c       0x6c ./Core/Src/sysmem.o
                0x0800141c                _sbrk
 .text.SystemInit
                0x08001488       0x24 ./Core/Src/system_stm32f4xx.o
                0x08001488                SystemInit
 .text.Reset_Handler
                0x080014ac       0x50 ./Core/Startup/startup_stm32f446retx.o
                0x080014ac                Reset_Handler
 .text.Default_Handler
                0x080014fc        0x2 ./Core/Startup/startup_stm32f446retx.o
                0x080014fc                RTC_Alarm_IRQHandler
                0x080014fc                EXTI2_IRQHandler
                0x080014fc                TIM8_CC_IRQHandler
                0x080014fc                FMPI2C1_EV_IRQHandler
                0x080014fc                SPI4_IRQHandler
                0x080014fc                TIM1_CC_IRQHandler
                0x080014fc                DMA2_Stream5_IRQHandler
                0x080014fc                DMA1_Stream5_IRQHandler
                0x080014fc                PVD_IRQHandler
                0x080014fc                SDIO_IRQHandler
                0x080014fc                TAMP_STAMP_IRQHandler
                0x080014fc                CAN2_RX1_IRQHandler
                0x080014fc                EXTI3_IRQHandler
                0x080014fc                TIM8_TRG_COM_TIM14_IRQHandler
                0x080014fc                TIM1_UP_TIM10_IRQHandler
                0x080014fc                TIM8_UP_TIM13_IRQHandler
                0x080014fc                I2C3_ER_IRQHandler
                0x080014fc                EXTI0_IRQHandler
                0x080014fc                I2C2_EV_IRQHandler
                0x080014fc                DMA1_Stream2_IRQHandler
                0x080014fc                CAN1_RX0_IRQHandler
                0x080014fc                FPU_IRQHandler
                0x080014fc                OTG_HS_WKUP_IRQHandler
                0x080014fc                CAN2_SCE_IRQHandler
                0x080014fc                DMA2_Stream2_IRQHandler
                0x080014fc                SPI1_IRQHandler
                0x080014fc                TIM1_BRK_TIM9_IRQHandler
                0x080014fc                DCMI_IRQHandler
                0x080014fc                CAN2_RX0_IRQHandler
                0x080014fc                DMA2_Stream3_IRQHandler
                0x080014fc                SAI2_IRQHandler
                0x080014fc                USART6_IRQHandler
                0x080014fc                USART3_IRQHandler
                0x080014fc                CAN1_RX1_IRQHandler
                0x080014fc                UART5_IRQHandler
                0x080014fc                DMA2_Stream0_IRQHandler
                0x080014fc                TIM4_IRQHandler
                0x080014fc                QUADSPI_IRQHandler
                0x080014fc                I2C1_EV_IRQHandler
                0x080014fc                DMA1_Stream6_IRQHandler
                0x080014fc                DMA1_Stream1_IRQHandler
                0x080014fc                UART4_IRQHandler
                0x080014fc                TIM3_IRQHandler
                0x080014fc                RCC_IRQHandler
                0x080014fc                TIM8_BRK_TIM12_IRQHandler
                0x080014fc                Default_Handler
                0x080014fc                CEC_IRQHandler
                0x080014fc                ADC_IRQHandler
                0x080014fc                DMA1_Stream7_IRQHandler
                0x080014fc                TIM7_IRQHandler
                0x080014fc                CAN2_TX_IRQHandler
                0x080014fc                TIM5_IRQHandler
                0x080014fc                DMA2_Stream7_IRQHandler
                0x080014fc                I2C3_EV_IRQHandler
                0x080014fc                RTC_WKUP_IRQHandler
                0x080014fc                SPDIF_RX_IRQHandler
                0x080014fc                SPI2_IRQHandler
                0x080014fc                OTG_HS_EP1_IN_IRQHandler
                0x080014fc                DMA1_Stream0_IRQHandler
                0x080014fc                CAN1_TX_IRQHandler
                0x080014fc                FMPI2C1_ER_IRQHandler
                0x080014fc                EXTI4_IRQHandler
                0x080014fc                OTG_HS_EP1_OUT_IRQHandler
                0x080014fc                WWDG_IRQHandler
                0x080014fc                TIM2_IRQHandler
                0x080014fc                OTG_FS_WKUP_IRQHandler
                0x080014fc                TIM1_TRG_COM_TIM11_IRQHandler
                0x080014fc                OTG_HS_IRQHandler
                0x080014fc                EXTI1_IRQHandler
                0x080014fc                USART2_IRQHandler
                0x080014fc                I2C2_ER_IRQHandler
                0x080014fc                DMA2_Stream1_IRQHandler
                0x080014fc                CAN1_SCE_IRQHandler
                0x080014fc                FLASH_IRQHandler
                0x080014fc                DMA2_Stream4_IRQHandler
                0x080014fc                USART1_IRQHandler
                0x080014fc                OTG_FS_IRQHandler
                0x080014fc                SPI3_IRQHandler
                0x080014fc                DMA1_Stream4_IRQHandler
                0x080014fc                I2C1_ER_IRQHandler
                0x080014fc                FMC_IRQHandler
                0x080014fc                DMA2_Stream6_IRQHandler
                0x080014fc                SAI1_IRQHandler
                0x080014fc                DMA1_Stream3_IRQHandler
 *fill*         0x080014fe        0x2 
 .text.HAL_Init
                0x08001500       0x44 ./Drivers/STM32F4xx_HAL_Driver/Src/stm32f4xx_hal.o
                0x08001500                HAL_Init
 .text.HAL_IncTick
                0x08001544       0x28 ./Drivers/STM32F4xx_HAL_Driver/Src/stm32f4xx_hal.o
                0x08001544                HAL_IncTick
 .text.HAL_GetTick
                0x0800156c       0x18 ./Drivers/STM32F4xx_HAL_Driver/Src/stm32f4xx_hal.o
                0x0800156c                HAL_GetTick
 .text.HAL_Delay
                0x08001584       0x48 ./Drivers/STM32F4xx_HAL_Driver/Src/stm32f4xx_hal.o
                0x08001584                HAL_Delay
 .text.__NVIC_SetPriorityGrouping
                0x080015cc       0x48 ./Drivers/STM32F4xx_HAL_Driver/Src/stm32f4xx_hal_cortex.o
 .text.__NVIC_GetPriorityGrouping
                0x08001614       0x1c ./Drivers/STM32F4xx_HAL_Driver/Src/stm32f4xx_hal_cortex.o
 .text.__NVIC_EnableIRQ
                0x08001630       0x3c ./Drivers/STM32F4xx_HAL_Driver/Src/stm32f4xx_hal_cortex.o
 .text.__NVIC_SetPriority
                0x0800166c       0x54 ./Drivers/STM32F4xx_HAL_Driver/Src/stm32f4xx_hal_cortex.o
 .text.NVIC_EncodePriority
                0x080016c0       0x66 ./Drivers/STM32F4xx_HAL_Driver/Src/stm32f4xx_hal_cortex.o
 .text.HAL_NVIC_SetPriorityGrouping
                0x08001726       0x16 ./Drivers/STM32F4xx_HAL_Driver/Src/stm32f4xx_hal_cortex.o
                0x08001726                HAL_NVIC_SetPriorityGrouping
 .text.HAL_NVIC_SetPriority
                0x0800173c       0x38 ./Drivers/STM32F4xx_HAL_Driver/Src/stm32f4xx_hal_cortex.o
                0x0800173c                HAL_NVIC_SetPriority
 .text.HAL_NVIC_EnableIRQ
                0x08001774       0x1c ./Drivers/STM32F4xx_HAL_Driver/Src/stm32f4xx_hal_cortex.o
                0x08001774                HAL_NVIC_EnableIRQ
 .text.HAL_GPIO_Init
                0x08001790      0x328 ./Drivers/STM32F4xx_HAL_Driver/Src/stm32f4xx_hal_gpio.o
                0x08001790                HAL_GPIO_Init
 .text.HAL_GPIO_WritePin
                0x08001ab8       0x32 ./Drivers/STM32F4xx_HAL_Driver/Src/stm32f4xx_hal_gpio.o
                0x08001ab8                HAL_GPIO_WritePin
 *fill*         0x08001aea        0x2 
 .text.HAL_GPIO_EXTI_IRQHandler
                0x08001aec       0x30 ./Drivers/STM32F4xx_HAL_Driver/Src/stm32f4xx_hal_gpio.o
                0x08001aec                HAL_GPIO_EXTI_IRQHandler
 .text.HAL_I2C_Init
                0x08001b1c      0x288 ./Drivers/STM32F4xx_HAL_Driver/Src/stm32f4xx_hal_i2c.o
                0x08001b1c                HAL_I2C_Init
 .text.HAL_I2C_Mem_Write
                0x08001da4      0x1f4 ./Drivers/STM32F4xx_HAL_Driver/Src/stm32f4xx_hal_i2c.o
                0x08001da4                HAL_I2C_Mem_Write
 .text.I2C_RequestMemoryWrite
                0x08001f98      0x12c ./Drivers/STM32F4xx_HAL_Driver/Src/stm32f4xx_hal_i2c.o
 .text.I2C_WaitOnFlagUntilTimeout
                0x080020c4       0xf4 ./Drivers/STM32F4xx_HAL_Driver/Src/stm32f4xx_hal_i2c.o
 .text.I2C_WaitOnMasterAddressFlagUntilTimeout
                0x080021b8      0x140 ./Drivers/STM32F4xx_HAL_Driver/Src/stm32f4xx_hal_i2c.o
 .text.I2C_WaitOnTXEFlagUntilTimeout
                0x080022f8       0x90 ./Drivers/STM32F4xx_HAL_Driver/Src/stm32f4xx_hal_i2c.o
 .text.I2C_WaitOnBTFFlagUntilTimeout
                0x08002388       0x90 ./Drivers/STM32F4xx_HAL_Driver/Src/stm32f4xx_hal_i2c.o
 .text.I2C_IsAcknowledgeFailed
                0x08002418       0x5e ./Drivers/STM32F4xx_HAL_Driver/Src/stm32f4xx_hal_i2c.o
 *fill*         0x08002476        0x2 
 .text.HAL_RCC_ClockConfig
                0x08002478      0x1cc ./Drivers/STM32F4xx_HAL_Driver/Src/stm32f4xx_hal_rcc.o
                0x08002478                HAL_RCC_ClockConfig
 .text.HAL_RCC_GetHCLKFreq
                0x08002644       0x18 ./Drivers/STM32F4xx_HAL_Driver/Src/stm32f4xx_hal_rcc.o
                0x08002644                HAL_RCC_GetHCLKFreq
 .text.HAL_RCC_GetPCLK1Freq
                0x0800265c       0x28 ./Drivers/STM32F4xx_HAL_Driver/Src/stm32f4xx_hal_rcc.o
                0x0800265c                HAL_RCC_GetPCLK1Freq
 .text.HAL_RCC_GetPCLK2Freq
                0x08002684       0x28 ./Drivers/STM32F4xx_HAL_Driver/Src/stm32f4xx_hal_rcc.o
                0x08002684                HAL_RCC_GetPCLK2Freq
 .text.HAL_RCC_GetClockConfig
                0x080026ac       0x64 ./Drivers/STM32F4xx_HAL_Driver/Src/stm32f4xx_hal_rcc.o
                0x080026ac                HAL_RCC_GetClockConfig
 .text.HAL_RCC_GetSysClockFreq
                0x08002710      0x460 ./Drivers/STM32F4xx_HAL_Driver/Src/stm32f4xx_hal_rcc_ex.o
                0x08002710                HAL_RCC_GetSysClockFreq
 .text.HAL_RCC_OscConfig
                0x08002b70      0x53c ./Drivers/STM32F4xx_HAL_Driver/Src/stm32f4xx_hal_rcc_ex.o
                0x08002b70                HAL_RCC_OscConfig
 .text.HAL_TIM_Base_Init
                0x080030ac       0x9e ./Drivers/STM32F4xx_HAL_Driver/Src/stm32f4xx_hal_tim.o
                0x080030ac                HAL_TIM_Base_Init
 .text.HAL_TIM_Base_MspInit
                0x0800314a       0x14 ./Drivers/STM32F4xx_HAL_Driver/Src/stm32f4xx_hal_tim.o
                0x0800314a                HAL_TIM_Base_MspInit
 *fill*         0x0800315e        0x2 
 .text.HAL_TIM_Base_Start_IT
                0x08003160       0xe0 ./Drivers/STM32F4xx_HAL_Driver/Src/stm32f4xx_hal_tim.o
                0x08003160                HAL_TIM_Base_Start_IT
 .text.HAL_TIM_IRQHandler
                0x08003240      0x1e0 ./Drivers/STM32F4xx_HAL_Driver/Src/stm32f4xx_hal_tim.o
                0x08003240                HAL_TIM_IRQHandler
 .text.HAL_TIM_OC_DelayElapsedCallback
                0x08003420       0x14 ./Drivers/STM32F4xx_HAL_Driver/Src/stm32f4xx_hal_tim.o
                0x08003420                HAL_TIM_OC_DelayElapsedCallback
 .text.HAL_TIM_IC_CaptureCallback
                0x08003434       0x14 ./Drivers/STM32F4xx_HAL_Driver/Src/stm32f4xx_hal_tim.o
                0x08003434                HAL_TIM_IC_CaptureCallback
 .text.HAL_TIM_PWM_PulseFinishedCallback
                0x08003448       0x14 ./Drivers/STM32F4xx_HAL_Driver/Src/stm32f4xx_hal_tim.o
                0x08003448                HAL_TIM_PWM_PulseFinishedCallback
 .text.HAL_TIM_TriggerCallback
                0x0800345c       0x14 ./Drivers/STM32F4xx_HAL_Driver/Src/stm32f4xx_hal_tim.o
                0x0800345c                HAL_TIM_TriggerCallback
 .text.TIM_Base_SetConfig
                0x08003470      0x14c ./Drivers/STM32F4xx_HAL_Driver/Src/stm32f4xx_hal_tim.o
                0x08003470                TIM_Base_SetConfig
 .text.HAL_TIMEx_CommutCallback
                0x080035bc       0x14 ./Drivers/STM32F4xx_HAL_Driver/Src/stm32f4xx_hal_tim_ex.o
                0x080035bc                HAL_TIMEx_CommutCallback
 .text.HAL_TIMEx_BreakCallback
                0x080035d0       0x14 ./Drivers/STM32F4xx_HAL_Driver/Src/stm32f4xx_hal_tim_ex.o
                0x080035d0                HAL_TIMEx_BreakCallback
 .text.HAL_UART_Init
                0x080035e4       0xa0 ./Drivers/STM32F4xx_HAL_Driver/Src/stm32f4xx_hal_uart.o
                0x080035e4                HAL_UART_Init
 .text.HAL_UART_Transmit
                0x08003684      0x116 ./Drivers/STM32F4xx_HAL_Driver/Src/stm32f4xx_hal_uart.o
                0x08003684                HAL_UART_Transmit
 .text.UART_WaitOnFlagUntilTimeout
                0x0800379a       0xb2 ./Drivers/STM32F4xx_HAL_Driver/Src/stm32f4xx_hal_uart.o
 .text.UART_EndRxTransfer
                0x0800384c       0xc6 ./Drivers/STM32F4xx_HAL_Driver/Src/stm32f4xx_hal_uart.o
 *fill*         0x08003912        0x2 
 .text.UART_SetConfig
                0x08003914      0x4e8 ./Drivers/STM32F4xx_HAL_Driver/Src/stm32f4xx_hal_uart.o
 .text.vListInitialise
                0x08003dfc       0x40 ./Middlewares/Third_Party/FreeRTOS/Source/list.o
                0x08003dfc                vListInitialise
 .text.vListInitialiseItem
                0x08003e3c       0x1a ./Middlewares/Third_Party/FreeRTOS/Source/list.o
                0x08003e3c                vListInitialiseItem
 .text.vListInsertEnd
                0x08003e56       0x48 ./Middlewares/Third_Party/FreeRTOS/Source/list.o
                0x08003e56                vListInsertEnd
 .text.vListInsert
                0x08003e9e       0x72 ./Middlewares/Third_Party/FreeRTOS/Source/list.o
                0x08003e9e                vListInsert
 .text.uxListRemove
                0x08003f10       0x54 ./Middlewares/Third_Party/FreeRTOS/Source/list.o
                0x08003f10                uxListRemove
 .text.xQueueGenericReset
                0x08003f64       0xd4 ./Middlewares/Third_Party/FreeRTOS/Source/queue.o
                0x08003f64                xQueueGenericReset
 .text.xQueueGenericCreate
                0x08004038       0x76 ./Middlewares/Third_Party/FreeRTOS/Source/queue.o
                0x08004038                xQueueGenericCreate
 .text.prvInitialiseNewQueue
                0x080040ae       0x3e ./Middlewares/Third_Party/FreeRTOS/Source/queue.o
 .text.xQueueGenericSend
                0x080040ec      0x204 ./Middlewares/Third_Party/FreeRTOS/Source/queue.o
                0x080040ec                xQueueGenericSend
 .text.xQueueGiveFromISR
                0x080042f0      0x120 ./Middlewares/Third_Party/FreeRTOS/Source/queue.o
                0x080042f0                xQueueGiveFromISR
 .text.xQueueReceive
                0x08004410      0x1c4 ./Middlewares/Third_Party/FreeRTOS/Source/queue.o
                0x08004410                xQueueReceive
 .text.xQueueSemaphoreTake
                0x080045d4      0x220 ./Middlewares/Third_Party/FreeRTOS/Source/queue.o
                0x080045d4                xQueueSemaphoreTake
 .text.prvGetDisinheritPriorityAfterTimeout
                0x080047f4       0x30 ./Middlewares/Third_Party/FreeRTOS/Source/queue.o
 .text.prvCopyDataToQueue
                0x08004824       0xd4 ./Middlewares/Third_Party/FreeRTOS/Source/queue.o
 .text.prvCopyDataFromQueue
                0x080048f8       0x4c ./Middlewares/Third_Party/FreeRTOS/Source/queue.o
 .text.prvUnlockQueue
                0x08004944       0xa4 ./Middlewares/Third_Party/FreeRTOS/Source/queue.o
 .text.prvIsQueueEmpty
                0x080049e8       0x2c ./Middlewares/Third_Party/FreeRTOS/Source/queue.o
 .text.prvIsQueueFull
                0x08004a14       0x30 ./Middlewares/Third_Party/FreeRTOS/Source/queue.o
 .text.xTaskCreateStatic
                0x08004a44       0xc0 ./Middlewares/Third_Party/FreeRTOS/Source/tasks.o
                0x08004a44                xTaskCreateStatic
 .text.xTaskCreate
                0x08004b04       0x8a ./Middlewares/Third_Party/FreeRTOS/Source/tasks.o
                0x08004b04                xTaskCreate
 .text.prvInitialiseNewTask
                0x08004b8e      0x110 ./Middlewares/Third_Party/FreeRTOS/Source/tasks.o
 *fill*         0x08004c9e        0x2 
 .text.prvAddNewTaskToReadyList
                0x08004ca0       0xd4 ./Middlewares/Third_Party/FreeRTOS/Source/tasks.o
 .text.vTaskStartScheduler
                0x08004d74       0xc4 ./Middlewares/Third_Party/FreeRTOS/Source/tasks.o
                0x08004d74                vTaskStartScheduler
 .text.vTaskSuspendAll
                0x08004e38       0x1c ./Middlewares/Third_Party/FreeRTOS/Source/tasks.o
                0x08004e38                vTaskSuspendAll
 .text.xTaskResumeAll
                0x08004e54      0x13c ./Middlewares/Third_Party/FreeRTOS/Source/tasks.o
                0x08004e54                xTaskResumeAll
 .text.xTaskIncrementTick
                0x08004f90      0x174 ./Middlewares/Third_Party/FreeRTOS/Source/tasks.o
                0x08004f90                xTaskIncrementTick
 .text.vTaskSwitchContext
                0x08005104       0xb8 ./Middlewares/Third_Party/FreeRTOS/Source/tasks.o
                0x08005104                vTaskSwitchContext
 .text.vTaskPlaceOnEventList
                0x080051bc       0x4c ./Middlewares/Third_Party/FreeRTOS/Source/tasks.o
                0x080051bc                vTaskPlaceOnEventList
 .text.xTaskRemoveFromEventList
                0x08005208       0xc8 ./Middlewares/Third_Party/FreeRTOS/Source/tasks.o
                0x08005208                xTaskRemoveFromEventList
 .text.vTaskInternalSetTimeOutState
                0x080052d0       0x2c ./Middlewares/Third_Party/FreeRTOS/Source/tasks.o
                0x080052d0                vTaskInternalSetTimeOutState
 .text.xTaskCheckForTimeOut
                0x080052fc       0xc8 ./Middlewares/Third_Party/FreeRTOS/Source/tasks.o
                0x080052fc                xTaskCheckForTimeOut
 .text.vTaskMissedYield
                0x080053c4       0x18 ./Middlewares/Third_Party/FreeRTOS/Source/tasks.o
                0x080053c4                vTaskMissedYield
 .text.prvIdleTask
                0x080053dc       0x30 ./Middlewares/Third_Party/FreeRTOS/Source/tasks.o
 .text.prvInitialiseTaskLists
                0x0800540c       0x80 ./Middlewares/Third_Party/FreeRTOS/Source/tasks.o
 .text.prvCheckTasksWaitingTermination
                0x0800548c       0x5c ./Middlewares/Third_Party/FreeRTOS/Source/tasks.o
 .text.prvDeleteTCB
                0x080054e8       0x60 ./Middlewares/Third_Party/FreeRTOS/Source/tasks.o
 .text.prvResetNextTaskUnblockTime
                0x08005548       0x40 ./Middlewares/Third_Party/FreeRTOS/Source/tasks.o
 .text.xTaskGetSchedulerState
                0x08005588       0x3c ./Middlewares/Third_Party/FreeRTOS/Source/tasks.o
                0x08005588                xTaskGetSchedulerState
 .text.xTaskPriorityInherit
                0x080055c4       0xec ./Middlewares/Third_Party/FreeRTOS/Source/tasks.o
                0x080055c4                xTaskPriorityInherit
 .text.xTaskPriorityDisinherit
                0x080056b0      0x110 ./Middlewares/Third_Party/FreeRTOS/Source/tasks.o
                0x080056b0                xTaskPriorityDisinherit
 .text.vTaskPriorityDisinheritAfterTimeout
                0x080057c0      0x120 ./Middlewares/Third_Party/FreeRTOS/Source/tasks.o
                0x080057c0                vTaskPriorityDisinheritAfterTimeout
 .text.pvTaskIncrementMutexHeldCount
                0x080058e0       0x28 ./Middlewares/Third_Party/FreeRTOS/Source/tasks.o
                0x080058e0                pvTaskIncrementMutexHeldCount
 .text.prvAddCurrentTaskToDelayedList
                0x08005908       0xcc ./Middlewares/Third_Party/FreeRTOS/Source/tasks.o
 .text.pxPortInitialiseStack
                0x080059d4       0x68 ./Middlewares/Third_Party/FreeRTOS/Source/portable/GCC/ARM_CM4F/port.o
                0x080059d4                pxPortInitialiseStack
 .text.prvTaskExitError
                0x08005a3c       0x5c ./Middlewares/Third_Party/FreeRTOS/Source/portable/GCC/ARM_CM4F/port.o
 *fill*         0x08005a98        0x8 
 .text.SVC_Handler
                0x08005aa0       0x28 ./Middlewares/Third_Party/FreeRTOS/Source/portable/GCC/ARM_CM4F/port.o
                0x08005aa0                SVC_Handler
 .text.prvPortStartFirstTask
                0x08005ac8       0x28 ./Middlewares/Third_Party/FreeRTOS/Source/portable/GCC/ARM_CM4F/port.o
 .text.xPortStartScheduler
                0x08005af0      0x148 ./Middlewares/Third_Party/FreeRTOS/Source/portable/GCC/ARM_CM4F/port.o
                0x08005af0                xPortStartScheduler
 .text.vPortEnterCritical
                0x08005c38       0x64 ./Middlewares/Third_Party/FreeRTOS/Source/portable/GCC/ARM_CM4F/port.o
                0x08005c38                vPortEnterCritical
 .text.vPortExitCritical
                0x08005c9c       0x54 ./Middlewares/Third_Party/FreeRTOS/Source/portable/GCC/ARM_CM4F/port.o
                0x08005c9c                vPortExitCritical
 .text.PendSV_Handler
                0x08005cf0       0x68 ./Middlewares/Third_Party/FreeRTOS/Source/portable/GCC/ARM_CM4F/port.o
                0x08005cf0                PendSV_Handler
 .text.SysTick_Handler
                0x08005d58       0x44 ./Middlewares/Third_Party/FreeRTOS/Source/portable/GCC/ARM_CM4F/port.o
                0x08005d58                SysTick_Handler
 .text.vPortSetupTimerInterrupt
                0x08005d9c       0x48 ./Middlewares/Third_Party/FreeRTOS/Source/portable/GCC/ARM_CM4F/port.o
                0x08005d9c                vPortSetupTimerInterrupt
 .text.vPortEnableVFP
                0x08005de4       0x14 ./Middlewares/Third_Party/FreeRTOS/Source/portable/GCC/ARM_CM4F/port.o
 .text.vPortValidateInterruptPriority
                0x08005df8       0x84 ./Middlewares/Third_Party/FreeRTOS/Source/portable/GCC/ARM_CM4F/port.o
                0x08005df8                vPortValidateInterruptPriority
 .text.pvPortMalloc
                0x08005e7c      0x19c ./Middlewares/Third_Party/FreeRTOS/Source/portable/MemMang/heap_4.o
                0x08005e7c                pvPortMalloc
 .text.vPortFree
                0x08006018       0xc8 ./Middlewares/Third_Party/FreeRTOS/Source/portable/MemMang/heap_4.o
                0x08006018                vPortFree
 .text.prvHeapInit
                0x080060e0       0xc4 ./Middlewares/Third_Party/FreeRTOS/Source/portable/MemMang/heap_4.o
 .text.prvInsertBlockIntoFreeList
                0x080061a4       0xb4 ./Middlewares/Third_Party/FreeRTOS/Source/portable/MemMang/heap_4.o
 .text.snprintf
                0x08006258       0x6c C:/ST/STM32CubeIDE_2.0.0/STM32CubeIDE/plugins/com.st.stm32cube.ide.mcu.externaltools.gnu-tools-for-stm32.13.3.rel1.win32_1.0.100.202509120712/tools/bin/../lib/gcc/arm-none-eabi/13.3.1/../../../../arm-none-eabi/lib/thumb/v7e-m+fp/hard\libc_nano.a(libc_a-snprintf.o)
                0x08006258                sniprintf
                0x08006258                snprintf
 .text.memset   0x080062c4       0x10 C:/ST/STM32CubeIDE_2.0.0/STM32CubeIDE/plugins/com.st.stm32cube.ide.mcu.externaltools.gnu-tools-for-stm32.13.3.rel1.win32_1.0.100.202509120712/tools/bin/../lib/gcc/arm-none-eabi/13.3.1/../../../../arm-none-eabi/lib/thumb/v7e-m+fp/hard\libc_nano.a(libc_a-memset.o)
                0x080062c4                memset
 .text.__errno  0x080062d4        0xc C:/ST/STM32CubeIDE_2.0.0/STM32CubeIDE/plugins/com.st.stm32cube.ide.mcu.externaltools.gnu-tools-for-stm32.13.3.rel1.win32_1.0.100.202509120712/tools/bin/../lib/gcc/arm-none-eabi/13.3.1/../../../../arm-none-eabi/lib/thumb/v7e-m+fp/hard\libc_nano.a(libc_a-errno.o)
                0x080062d4                __errno
 .text.__libc_init_array
                0x080062e0       0x48 C:/ST/STM32CubeIDE_2.0.0/STM32CubeIDE/plugins/com.st.stm32cube.ide.mcu.externaltools.gnu-tools-for-stm32.13.3.rel1.win32_1.0.100.202509120712/tools/bin/../lib/gcc/arm-none-eabi/13.3.1/../../../../arm-none-eabi/lib/thumb/v7e-m+fp/hard\libc_nano.a(libc_a-init.o)
                0x080062e0                __libc_init_array
 .text.__retarget_lock_acquire_recursive
                0x08006328        0x2 C:/ST/STM32CubeIDE_2.0.0/STM32CubeIDE/plugins/com.st.stm32cube.ide.mcu.externaltools.gnu-tools-for-stm32.13.3.rel1.win32_1.0.100.202509120712/tools/bin/../lib/gcc/arm-none-eabi/13.3.1/../../../../arm-none-eabi/lib/thumb/v7e-m+fp/hard\libc_nano.a(libc_a-lock.o)
                0x08006328                __retarget_lock_acquire_recursive
 .text.__retarget_lock_release_recursive
                0x0800632a        0x2 C:/ST/STM32CubeIDE_2.0.0/STM32CubeIDE/plugins/com.st.stm32cube.ide.mcu.externaltools.gnu-tools-for-stm32.13.3.rel1.win32_1.0.100.202509120712/tools/bin/../lib/gcc/arm-none-eabi/13.3.1/../../../../arm-none-eabi/lib/thumb/v7e-m+fp/hard\libc_nano.a(libc_a-lock.o)
                0x0800632a                __retarget_lock_release_recursive
 .text.memcpy   0x0800632c       0x1c C:/ST/STM32CubeIDE_2.0.0/STM32CubeIDE/plugins/com.st.stm32cube.ide.mcu.externaltools.gnu-tools-for-stm32.13.3.rel1.win32_1.0.100.202509120712/tools/bin/../lib/gcc/arm-none-eabi/13.3.1/../../../../arm-none-eabi/lib/thumb/v7e-m+fp/hard\libc_nano.a(libc_a-memcpy-stub.o)
                0x0800632c                memcpy
 .text._free_r  0x08006348       0x94 C:/ST/STM32CubeIDE_2.0.0/STM32CubeIDE/plugins/com.st.stm32cube.ide.mcu.externaltools.gnu-tools-for-stm32.13.3.rel1.win32_1.0.100.202509120712/tools/bin/../lib/gcc/arm-none-eabi/13.3.1/../../../../arm-none-eabi/lib/thumb/v7e-m+fp/hard\libc_nano.a(libc_a-freer.o)
                0x08006348                _free_r
 .text.sbrk_aligned
                0x080063dc       0x44 C:/ST/STM32CubeIDE_2.0.0/STM32CubeIDE/plugins/com.st.stm32cube.ide.mcu.externaltools.gnu-tools-for-stm32.13.3.rel1.win32_1.0.100.202509120712/tools/bin/../lib/gcc/arm-none-eabi/13.3.1/../../../../arm-none-eabi/lib/thumb/v7e-m+fp/hard\libc_nano.a(libc_a-mallocr.o)
 .text._malloc_r
                0x08006420      0x100 C:/ST/STM32CubeIDE_2.0.0/STM32CubeIDE/plugins/com.st.stm32cube.ide.mcu.externaltools.gnu-tools-for-stm32.13.3.rel1.win32_1.0.100.202509120712/tools/bin/../lib/gcc/arm-none-eabi/13.3.1/../../../../arm-none-eabi/lib/thumb/v7e-m+fp/hard\libc_nano.a(libc_a-mallocr.o)
                0x08006420                _malloc_r
 .text.__malloc_lock
                0x08006520        0xc C:/ST/STM32CubeIDE_2.0.0/STM32CubeIDE/plugins/com.st.stm32cube.ide.mcu.externaltools.gnu-tools-for-stm32.13.3.rel1.win32_1.0.100.202509120712/tools/bin/../lib/gcc/arm-none-eabi/13.3.1/../../../../arm-none-eabi/lib/thumb/v7e-m+fp/hard\libc_nano.a(libc_a-mlock.o)
                0x08006520                __malloc_lock
 .text.__malloc_unlock
                0x0800652c        0xc C:/ST/STM32CubeIDE_2.0.0/STM32CubeIDE/plugins/com.st.stm32cube.ide.mcu.externaltools.gnu-tools-for-stm32.13.3.rel1.win32_1.0.100.202509120712/tools/bin/../lib/gcc/arm-none-eabi/13.3.1/../../../../arm-none-eabi/lib/thumb/v7e-m+fp/hard\libc_nano.a(libc_a-mlock.o)
                0x0800652c                __malloc_unlock
 .text.__ssputs_r
                0x08006538       0xb6 C:/ST/STM32CubeIDE_2.0.0/STM32CubeIDE/plugins/com.st.stm32cube.ide.mcu.externaltools.gnu-tools-for-stm32.13.3.rel1.win32_1.0.100.202509120712/tools/bin/../lib/gcc/arm-none-eabi/13.3.1/../../../../arm-none-eabi/lib/thumb/v7e-m+fp/hard\libc_nano.a(libc_a-nano-svfprintf.o)
                0x08006538                __ssputs_r
 *fill*         0x080065ee        0x2 
 .text._svfprintf_r
                0x080065f0      0x1f8 C:/ST/STM32CubeIDE_2.0.0/STM32CubeIDE/plugins/com.st.stm32cube.ide.mcu.externaltools.gnu-tools-for-stm32.13.3.rel1.win32_1.0.100.202509120712/tools/bin/../lib/gcc/arm-none-eabi/13.3.1/../../../../arm-none-eabi/lib/thumb/v7e-m+fp/hard\libc_nano.a(libc_a-nano-svfprintf.o)
                0x080065f0                _svfiprintf_r
                0x080065f0                _svfprintf_r
 .text._printf_common
                0x080067e8       0xda C:/ST/STM32CubeIDE_2.0.0/STM32CubeIDE/plugins/com.st.stm32cube.ide.mcu.externaltools.gnu-tools-for-stm32.13.3.rel1.win32_1.0.100.202509120712/tools/bin/../lib/gcc/arm-none-eabi/13.3.1/../../../../arm-none-eabi/lib/thumb/v7e-m+fp/hard\libc_nano.a(libc_a-nano-vfprintf_i.o)
                0x080067e8                _printf_common
 *fill*         0x080068c2        0x2 
 .text._printf_i
                0x080068c4      0x23c C:/ST/STM32CubeIDE_2.0.0/STM32CubeIDE/plugins/com.st.stm32cube.ide.mcu.externaltools.gnu-tools-for-stm32.13.3.rel1.win32_1.0.100.202509120712/tools/bin/../lib/gcc/arm-none-eabi/13.3.1/../../../../arm-none-eabi/lib/thumb/v7e-m+fp/hard\libc_nano.a(libc_a-nano-vfprintf_i.o)
                0x080068c4                _printf_i
 .text.memmove  0x08006b00       0x34 C:/ST/STM32CubeIDE_2.0.0/STM32CubeIDE/plugins/com.st.stm32cube.ide.mcu.externaltools.gnu-tools-for-stm32.13.3.rel1.win32_1.0.100.202509120712/tools/bin/../lib/gcc/arm-none-eabi/13.3.1/../../../../arm-none-eabi/lib/thumb/v7e-m+fp/hard\libc_nano.a(libc_a-memmove.o)
                0x08006b00                memmove
 .text._sbrk_r  0x08006b34       0x20 C:/ST/STM32CubeIDE_2.0.0/STM32CubeIDE/plugins/com.st.stm32cube.ide.mcu.externaltools.gnu-tools-for-stm32.13.3.rel1.win32_1.0.100.202509120712/tools/bin/../lib/gcc/arm-none-eabi/13.3.1/../../../../arm-none-eabi/lib/thumb/v7e-m+fp/hard\libc_nano.a(libc_a-sbrkr.o)
                0x08006b34                _sbrk_r
 .text._realloc_r
                0x08006b54       0x5c C:/ST/STM32CubeIDE_2.0.0/STM32CubeIDE/plugins/com.st.stm32cube.ide.mcu.externaltools.gnu-tools-for-stm32.13.3.rel1.win32_1.0.100.202509120712/tools/bin/../lib/gcc/arm-none-eabi/13.3.1/../../../../arm-none-eabi/lib/thumb/v7e-m+fp/hard\libc_nano.a(libc_a-reallocr.o)
                0x08006b54                _realloc_r
 .text._malloc_usable_size_r
                0x08006bb0       0x10 C:/ST/STM32CubeIDE_2.0.0/STM32CubeIDE/plugins/com.st.stm32cube.ide.mcu.externaltools.gnu-tools-for-stm32.13.3.rel1.win32_1.0.100.202509120712/tools/bin/../lib/gcc/arm-none-eabi/13.3.1/../../../../arm-none-eabi/lib/thumb/v7e-m+fp/hard\libc_nano.a(libc_a-msizer.o)
                0x08006bb0                _malloc_usable_size_r
 *(.glue_7)
 .glue_7        0x08006bc0        0x0 linker stubs
 *(.glue_7t)
 .glue_7t       0x08006bc0        0x0 linker stubs
 *(.eh_frame)
 .eh_frame      0x08006bc0        0x0 C:/ST/STM32CubeIDE_2.0.0/STM32CubeIDE/plugins/com.st.stm32cube.ide.mcu.externaltools.gnu-tools-for-stm32.13.3.rel1.win32_1.0.100.202509120712/tools/bin/../lib/gcc/arm-none-eabi/13.3.1/thumb/v7e-m+fp/hard/crtbegin.o
 *(.init)
 .init          0x08006bc0        0x4 C:/ST/STM32CubeIDE_2.0.0/STM32CubeIDE/plugins/com.st.stm32cube.ide.mcu.externaltools.gnu-tools-for-stm32.13.3.rel1.win32_1.0.100.202509120712/tools/bin/../lib/gcc/arm-none-eabi/13.3.1/thumb/v7e-m+fp/hard/crti.o
                0x08006bc0                _init
 .init          0x08006bc4        0x8 C:/ST/STM32CubeIDE_2.0.0/STM32CubeIDE/plugins/com.st.stm32cube.ide.mcu.externaltools.gnu-tools-for-stm32.13.3.rel1.win32_1.0.100.202509120712/tools/bin/../lib/gcc/arm-none-eabi/13.3.1/thumb/v7e-m+fp/hard/crtn.o
 *(.fini)
 .fini          0x08006bcc        0x4 C:/ST/STM32CubeIDE_2.0.0/STM32CubeIDE/plugins/com.st.stm32cube.ide.mcu.externaltools.gnu-tools-for-stm32.13.3.rel1.win32_1.0.100.202509120712/tools/bin/../lib/gcc/arm-none-eabi/13.3.1/thumb/v7e-m+fp/hard/crti.o
                0x08006bcc                _fini
 .fini          0x08006bd0        0x8 C:/ST/STM32CubeIDE_2.0.0/STM32CubeIDE/plugins/com.st.stm32cube.ide.mcu.externaltools.gnu-tools-for-stm32.13.3.rel1.win32_1.0.100.202509120712/tools/bin/../lib/gcc/arm-none-eabi/13.3.1/thumb/v7e-m+fp/hard/crtn.o
                0x08006bd8                        . = ALIGN (0x4)
                0x08006bd8                        _etext = .

.vfp11_veneer   0x08006bd8        0x0
 .vfp11_veneer  0x08006bd8        0x0 linker stubs

.v4_bx          0x08006bd8        0x0
 .v4_bx         0x08006bd8        0x0 linker stubs

.iplt           0x08006bd8        0x0
 .iplt          0x08006bd8        0x0 C:/ST/STM32CubeIDE_2.0.0/STM32CubeIDE/plugins/com.st.stm32cube.ide.mcu.externaltools.gnu-tools-for-stm32.13.3.rel1.win32_1.0.100.202509120712/tools/bin/../lib/gcc/arm-none-eabi/13.3.1/thumb/v7e-m+fp/hard/crtbegin.o

.rodata         0x08006bd8      0x8c4
                0x08006bd8                        . = ALIGN (0x4)
 *(.rodata)
 .rodata        0x08006bd8       0xf5 ./Core/Src/main.o
 *fill*         0x08006ccd        0x3 
 .rodata        0x08006cd0        0x5 ./Middlewares/Third_Party/FreeRTOS/Source/tasks.o
 *(.rodata*)
 *fill*         0x08006cd5        0x3 
 .rodata.Font7x10
                0x08006cd8      0x76c ./Core/Src/ssd1306_fonts.o
 .rodata.Font_7x10
                0x08007444        0xc ./Core/Src/ssd1306_fonts.o
                0x08007444                Font_7x10
 .rodata.AHBPrescTable
                0x08007450       0x10 ./Core/Src/system_stm32f4xx.o
                0x08007450                AHBPrescTable
 .rodata.APBPrescTable
                0x08007460        0x8 ./Core/Src/system_stm32f4xx.o
                0x08007460                APBPrescTable
 .rodata._svfprintf_r.str1.1
                0x08007468       0x33 C:/ST/STM32CubeIDE_2.0.0/STM32CubeIDE/plugins/com.st.stm32cube.ide.mcu.externaltools.gnu-tools-for-stm32.13.3.rel1.win32_1.0.100.202509120712/tools/bin/../lib/gcc/arm-none-eabi/13.3.1/../../../../arm-none-eabi/lib/thumb/v7e-m+fp/hard\libc_nano.a(libc_a-nano-svfprintf.o)
                                 0x11 (size before relaxing)
 .rodata._printf_i.str1.1
                0x0800749b        0x0 C:/ST/STM32CubeIDE_2.0.0/STM32CubeIDE/plugins/com.st.stm32cube.ide.mcu.externaltools.gnu-tools-for-stm32.13.3.rel1.win32_1.0.100.202509120712/tools/bin/../lib/gcc/arm-none-eabi/13.3.1/../../../../arm-none-eabi/lib/thumb/v7e-m+fp/hard\libc_nano.a(libc_a-nano-vfprintf_i.o)
                                 0x22 (size before relaxing)
                0x0800749c                        . = ALIGN (0x4)
 *fill*         0x0800749b        0x1 

.ARM.extab      0x0800749c        0x0
                0x0800749c                        . = ALIGN (0x4)
 *(.ARM.extab* .gnu.linkonce.armextab.*)
                0x0800749c                        . = ALIGN (0x4)

.ARM            0x0800749c        0x8
                0x0800749c                        . = ALIGN (0x4)
                0x0800749c                        __exidx_start = .
 *(.ARM.exidx*)
 .ARM.exidx     0x0800749c        0x8 C:/ST/STM32CubeIDE_2.0.0/STM32CubeIDE/plugins/com.st.stm32cube.ide.mcu.externaltools.gnu-tools-for-stm32.13.3.rel1.win32_1.0.100.202509120712/tools/bin/../lib/gcc/arm-none-eabi/13.3.1/../../../../arm-none-eabi/lib/thumb/v7e-m+fp/hard\libc_nano.a(libc_a-strlen.o)
 .ARM.exidx     0x080074a4        0x0 C:/ST/STM32CubeIDE_2.0.0/STM32CubeIDE/plugins/com.st.stm32cube.ide.mcu.externaltools.gnu-tools-for-stm32.13.3.rel1.win32_1.0.100.202509120712/tools/bin/../lib/gcc/arm-none-eabi/13.3.1/../../../../arm-none-eabi/lib/thumb/v7e-m+fp/hard\libc_nano.a(libc_a-memchr.o)
                                  0x8 (size before relaxing)
 .ARM.exidx     0x080074a4        0x0 C:/ST/STM32CubeIDE_2.0.0/STM32CubeIDE/plugins/com.st.stm32cube.ide.mcu.externaltools.gnu-tools-for-stm32.13.3.rel1.win32_1.0.100.202509120712/tools/bin/../lib/gcc/arm-none-eabi/13.3.1/thumb/v7e-m+fp/hard\libgcc.a(_udivmoddi4.o)
                                  0x8 (size before relaxing)
                0x080074a4                        __exidx_end = .
                0x080074a4                        . = ALIGN (0x4)

.preinit_array  0x080074a4        0x0
                0x080074a4                        . = ALIGN (0x4)
                0x080074a4                        PROVIDE (__preinit_array_start = .)
 *(.preinit_array*)
                0x080074a4                        PROVIDE (__preinit_array_end = .)
                0x080074a4                        . = ALIGN (0x4)

.init_array     0x080074a4        0x4
                0x080074a4                        . = ALIGN (0x4)
                0x080074a4                        PROVIDE (__init_array_start = .)
 *(SORT_BY_NAME(.init_array.*))
 *(.init_array*)
 .init_array    0x080074a4        0x4 C:/ST/STM32CubeIDE_2.0.0/STM32CubeIDE/plugins/com.st.stm32cube.ide.mcu.externaltools.gnu-tools-for-stm32.13.3.rel1.win32_1.0.100.202509120712/tools/bin/../lib/gcc/arm-none-eabi/13.3.1/thumb/v7e-m+fp/hard/crtbegin.o
                0x080074a8                        PROVIDE (__init_array_end = .)
                0x080074a8                        . = ALIGN (0x4)

.fini_array     0x080074a8        0x4
                0x080074a8                        . = ALIGN (0x4)
                [!provide]                        PROVIDE (__fini_array_start = .)
 *(SORT_BY_NAME(.fini_array.*))
 *(.fini_array*)
 .fini_array    0x080074a8        0x4 C:/ST/STM32CubeIDE_2.0.0/STM32CubeIDE/plugins/com.st.stm32cube.ide.mcu.externaltools.gnu-tools-for-stm32.13.3.rel1.win32_1.0.100.202509120712/tools/bin/../lib/gcc/arm-none-eabi/13.3.1/thumb/v7e-m+fp/hard/crtbegin.o
                [!provide]                        PROVIDE (__fini_array_end = .)
                0x080074ac                        . = ALIGN (0x4)
                0x080074ac                        _sidata = LOADADDR (.data)

.rel.dyn        0x080074ac        0x0
 .rel.iplt      0x080074ac        0x0 C:/ST/STM32CubeIDE_2.0.0/STM32CubeIDE/plugins/com.st.stm32cube.ide.mcu.externaltools.gnu-tools-for-stm32.13.3.rel1.win32_1.0.100.202509120712/tools/bin/../lib/gcc/arm-none-eabi/13.3.1/thumb/v7e-m+fp/hard/crtbegin.o

.data           0x20000000       0x60 load address 0x080074ac
                0x20000000                        . = ALIGN (0x4)
                0x20000000                        _sdata = .
 *(.data)
 *(.data*)
 .data.SystemCoreClock
                0x20000000        0x4 ./Core/Src/system_stm32f4xx.o
                0x20000000                SystemCoreClock
 .data.uwTickPrio
                0x20000004        0x4 ./Drivers/STM32F4xx_HAL_Driver/Src/stm32f4xx_hal.o
                0x20000004                uwTickPrio
 .data.uwTickFreq
                0x20000008        0x1 ./Drivers/STM32F4xx_HAL_Driver/Src/stm32f4xx_hal.o
                0x20000008                uwTickFreq
 *fill*         0x20000009        0x3 
 .data.uxCriticalNesting
                0x2000000c        0x4 ./Middlewares/Third_Party/FreeRTOS/Source/portable/GCC/ARM_CM4F/port.o
 .data._impure_ptr
                0x20000010        0x4 C:/ST/STM32CubeIDE_2.0.0/STM32CubeIDE/plugins/com.st.stm32cube.ide.mcu.externaltools.gnu-tools-for-stm32.13.3.rel1.win32_1.0.100.202509120712/tools/bin/../lib/gcc/arm-none-eabi/13.3.1/../../../../arm-none-eabi/lib/thumb/v7e-m+fp/hard\libc_nano.a(libc_a-impure.o)
                0x20000010                _impure_ptr
 .data._impure_data
                0x20000014       0x4c C:/ST/STM32CubeIDE_2.0.0/STM32CubeIDE/plugins/com.st.stm32cube.ide.mcu.externaltools.gnu-tools-for-stm32.13.3.rel1.win32_1.0.100.202509120712/tools/bin/../lib/gcc/arm-none-eabi/13.3.1/../../../../arm-none-eabi/lib/thumb/v7e-m+fp/hard\libc_nano.a(libc_a-impure.o)
                0x20000014                _impure_data
 *(.RamFunc)
 *(.RamFunc*)
                0x20000060                        . = ALIGN (0x4)
                0x20000060                        _edata = .

.igot.plt       0x20000060        0x0 load address 0x0800750c
 .igot.plt      0x20000060        0x0 C:/ST/STM32CubeIDE_2.0.0/STM32CubeIDE/plugins/com.st.stm32cube.ide.mcu.externaltools.gnu-tools-for-stm32.13.3.rel1.win32_1.0.100.202509120712/tools/bin/../lib/gcc/arm-none-eabi/13.3.1/thumb/v7e-m+fp/hard/crtbegin.o
                0x20000060                        . = ALIGN (0x4)

.bss            0x20000060     0x4618 load address 0x0800750c
                0x20000060                        _sbss = .
                0x20000060                        __bss_start__ = _sbss
 *(.bss)
 .bss           0x20000060       0x1c C:/ST/STM32CubeIDE_2.0.0/STM32CubeIDE/plugins/com.st.stm32cube.ide.mcu.externaltools.gnu-tools-for-stm32.13.3.rel1.win32_1.0.100.202509120712/tools/bin/../lib/gcc/arm-none-eabi/13.3.1/thumb/v7e-m+fp/hard/crtbegin.o
 *(.bss*)
 .bss.xIdleTaskTCBBuffer
                0x2000007c       0x54 ./Core/Src/freertos.o
 .bss.xIdleStack
                0x200000d0      0x200 ./Core/Src/freertos.o
 .bss.hi2c2     0x200002d0       0x54 ./Core/Src/main.o
                0x200002d0                hi2c2
 .bss.huart2    0x20000324       0x48 ./Core/Src/main.o
                0x20000324                huart2
 .bss.breakbeamSemaphore
                0x2000036c        0x4 ./Core/Src/main.o
                0x2000036c                breakbeamSemaphore
 .bss.pirSemaphore
                0x20000370        0x4 ./Core/Src/main.o
                0x20000370                pirSemaphore
 .bss.BB_handler
                0x20000374        0x4 ./Core/Src/main.o
                0x20000374                BB_handler
 .bss.PIR_handler
                0x20000378        0x4 ./Core/Src/main.o
                0x20000378                PIR_handler
 .bss.oledRefresh_handler
                0x2000037c        0x4 ./Core/Src/main.o
                0x2000037c                oledRefresh_handler
 .bss.ST_Queue_handler
                0x20000380        0x4 ./Core/Src/main.o
                0x20000380                ST_Queue_handler
 .bss.SSD1306_Buffer
                0x20000384      0x400 ./Core/Src/ssd1306.o
 .bss.SSD1306   0x20000784        0x6 ./Core/Src/ssd1306.o
 *fill*         0x2000078a        0x2 
 .bss.htim6     0x2000078c       0x48 ./Core/Src/stm32f4xx_hal_timebase_tim.o
                0x2000078c                htim6
 .bss.__sbrk_heap_end
                0x200007d4        0x4 ./Core/Src/sysmem.o
 .bss.uwTick    0x200007d8        0x4 ./Drivers/STM32F4xx_HAL_Driver/Src/stm32f4xx_hal.o
                0x200007d8                uwTick
 .bss.pxCurrentTCB
                0x200007dc        0x4 ./Middlewares/Third_Party/FreeRTOS/Source/tasks.o
                0x200007dc                pxCurrentTCB
 .bss.pxReadyTasksLists
                0x200007e0       0x8c ./Middlewares/Third_Party/FreeRTOS/Source/tasks.o
 .bss.xDelayedTaskList1
                0x2000086c       0x14 ./Middlewares/Third_Party/FreeRTOS/Source/tasks.o
 .bss.xDelayedTaskList2
                0x20000880       0x14 ./Middlewares/Third_Party/FreeRTOS/Source/tasks.o
 .bss.pxDelayedTaskList
                0x20000894        0x4 ./Middlewares/Third_Party/FreeRTOS/Source/tasks.o
 .bss.pxOverflowDelayedTaskList
                0x20000898        0x4 ./Middlewares/Third_Party/FreeRTOS/Source/tasks.o
 .bss.xPendingReadyList
                0x2000089c       0x14 ./Middlewares/Third_Party/FreeRTOS/Source/tasks.o
 .bss.xTasksWaitingTermination
                0x200008b0       0x14 ./Middlewares/Third_Party/FreeRTOS/Source/tasks.o
 .bss.uxDeletedTasksWaitingCleanUp
                0x200008c4        0x4 ./Middlewares/Third_Party/FreeRTOS/Source/tasks.o
 .bss.xSuspendedTaskList
                0x200008c8       0x14 ./Middlewares/Third_Party/FreeRTOS/Source/tasks.o
 .bss.uxCurrentNumberOfTasks
                0x200008dc        0x4 ./Middlewares/Third_Party/FreeRTOS/Source/tasks.o
 .bss.xTickCount
                0x200008e0        0x4 ./Middlewares/Third_Party/FreeRTOS/Source/tasks.o
 .bss.uxTopReadyPriority
                0x200008e4        0x4 ./Middlewares/Third_Party/FreeRTOS/Source/tasks.o
 .bss.xSchedulerRunning
                0x200008e8        0x4 ./Middlewares/Third_Party/FreeRTOS/Source/tasks.o
 .bss.xPendedTicks
                0x200008ec        0x4 ./Middlewares/Third_Party/FreeRTOS/Source/tasks.o
 .bss.xYieldPending
                0x200008f0        0x4 ./Middlewares/Third_Party/FreeRTOS/Source/tasks.o
 .bss.xNumOfOverflows
                0x200008f4        0x4 ./Middlewares/Third_Party/FreeRTOS/Source/tasks.o
 .bss.uxTaskNumber
                0x200008f8        0x4 ./Middlewares/Third_Party/FreeRTOS/Source/tasks.o
 .bss.xNextTaskUnblockTime
                0x200008fc        0x4 ./Middlewares/Third_Party/FreeRTOS/Source/tasks.o
 .bss.xIdleTaskHandle
                0x20000900        0x4 ./Middlewares/Third_Party/FreeRTOS/Source/tasks.o
 .bss.uxSchedulerSuspended
                0x20000904        0x4 ./Middlewares/Third_Party/FreeRTOS/Source/tasks.o
 .bss.ucMaxSysCallPriority
                0x20000908        0x1 ./Middlewares/Third_Party/FreeRTOS/Source/portable/GCC/ARM_CM4F/port.o
 *fill*         0x20000909        0x3 
 .bss.ulMaxPRIGROUPValue
                0x2000090c        0x4 ./Middlewares/Third_Party/FreeRTOS/Source/portable/GCC/ARM_CM4F/port.o
 .bss.ucHeap    0x20000910     0x3c00 ./Middlewares/Third_Party/FreeRTOS/Source/portable/MemMang/heap_4.o
 .bss.xStart    0x20004510        0x8 ./Middlewares/Third_Party/FreeRTOS/Source/portable/MemMang/heap_4.o
 .bss.pxEnd     0x20004518        0x4 ./Middlewares/Third_Party/FreeRTOS/Source/portable/MemMang/heap_4.o
 .bss.xFreeBytesRemaining
                0x2000451c        0x4 ./Middlewares/Third_Party/FreeRTOS/Source/portable/MemMang/heap_4.o
 .bss.xMinimumEverFreeBytesRemaining
                0x20004520        0x4 ./Middlewares/Third_Party/FreeRTOS/Source/portable/MemMang/heap_4.o
 .bss.xNumberOfSuccessfulAllocations
                0x20004524        0x4 ./Middlewares/Third_Party/FreeRTOS/Source/portable/MemMang/heap_4.o
 .bss.xNumberOfSuccessfulFrees
                0x20004528        0x4 ./Middlewares/Third_Party/FreeRTOS/Source/portable/MemMang/heap_4.o
 .bss.xBlockAllocatedBit
                0x2000452c        0x4 ./Middlewares/Third_Party/FreeRTOS/Source/portable/MemMang/heap_4.o
 .bss.__sf      0x20004530      0x138 C:/ST/STM32CubeIDE_2.0.0/STM32CubeIDE/plugins/com.st.stm32cube.ide.mcu.externaltools.gnu-tools-for-stm32.13.3.rel1.win32_1.0.100.202509120712/tools/bin/../lib/gcc/arm-none-eabi/13.3.1/../../../../arm-none-eabi/lib/thumb/v7e-m+fp/hard\libc_nano.a(libc_a-findfp.o)
                0x20004530                __sf
 .bss.errno     0x20004668        0x4 C:/ST/STM32CubeIDE_2.0.0/STM32CubeIDE/plugins/com.st.stm32cube.ide.mcu.externaltools.gnu-tools-for-stm32.13.3.rel1.win32_1.0.100.202509120712/tools/bin/../lib/gcc/arm-none-eabi/13.3.1/../../../../arm-none-eabi/lib/thumb/v7e-m+fp/hard\libc_nano.a(libc_a-reent.o)
                0x20004668                errno
 .bss.__lock___malloc_recursive_mutex
                0x2000466c        0x1 C:/ST/STM32CubeIDE_2.0.0/STM32CubeIDE/plugins/com.st.stm32cube.ide.mcu.externaltools.gnu-tools-for-stm32.13.3.rel1.win32_1.0.100.202509120712/tools/bin/../lib/gcc/arm-none-eabi/13.3.1/../../../../arm-none-eabi/lib/thumb/v7e-m+fp/hard\libc_nano.a(libc_a-lock.o)
                0x2000466c                __lock___malloc_recursive_mutex
 *fill*         0x2000466d        0x3 
 .bss.__malloc_sbrk_start
                0x20004670        0x4 C:/ST/STM32CubeIDE_2.0.0/STM32CubeIDE/plugins/com.st.stm32cube.ide.mcu.externaltools.gnu-tools-for-stm32.13.3.rel1.win32_1.0.100.202509120712/tools/bin/../lib/gcc/arm-none-eabi/13.3.1/../../../../arm-none-eabi/lib/thumb/v7e-m+fp/hard\libc_nano.a(libc_a-mallocr.o)
                0x20004670                __malloc_sbrk_start
 .bss.__malloc_free_list
                0x20004674        0x4 C:/ST/STM32CubeIDE_2.0.0/STM32CubeIDE/plugins/com.st.stm32cube.ide.mcu.externaltools.gnu-tools-for-stm32.13.3.rel1.win32_1.0.100.202509120712/tools/bin/../lib/gcc/arm-none-eabi/13.3.1/../../../../arm-none-eabi/lib/thumb/v7e-m+fp/hard\libc_nano.a(libc_a-mallocr.o)
                0x20004674                __malloc_free_list
 *(COMMON)
                0x20004678                        . = ALIGN (0x4)
                0x20004678                        _ebss = .
                0x20004678                        __bss_end__ = _ebss

._user_heap_stack
                0x20004678      0x600 load address 0x0800750c
                0x20004678                        . = ALIGN (0x8)
                [!provide]                        PROVIDE (end = .)
                0x20004678                        PROVIDE (_end = .)
                0x20004878                        . = (. + _Min_Heap_Size)
 *fill*         0x20004678      0x200 
                0x20004c78                        . = (. + _Min_Stack_Size)
 *fill*         0x20004878      0x400 
                0x20004c78                        . = ALIGN (0x8)

/DISCARD/
 libc.a(*)
 libm.a(*)
 libgcc.a(*)

.ARM.attributes
                0x00000000       0x30
 *(.ARM.attributes)
 .ARM.attributes
                0x00000000       0x22 C:/ST/STM32CubeIDE_2.0.0/STM32CubeIDE/plugins/com.st.stm32cube.ide.mcu.externaltools.gnu-tools-for-stm32.13.3.rel1.win32_1.0.100.202509120712/tools/bin/../lib/gcc/arm-none-eabi/13.3.1/thumb/v7e-m+fp/hard/crti.o
 .ARM.attributes
                0x00000022       0x34 C:/ST/STM32CubeIDE_2.0.0/STM32CubeIDE/plugins/com.st.stm32cube.ide.mcu.externaltools.gnu-tools-for-stm32.13.3.rel1.win32_1.0.100.202509120712/tools/bin/../lib/gcc/arm-none-eabi/13.3.1/thumb/v7e-m+fp/hard/crtbegin.o
 .ARM.attributes
                0x00000056       0x34 ./Core/Src/freertos.o
 .ARM.attributes
                0x0000008a       0x34 ./Core/Src/main.o
 .ARM.attributes
                0x000000be       0x34 ./Core/Src/ssd1306.o
 .ARM.attributes
                0x000000f2       0x34 ./Core/Src/ssd1306_fonts.o
 .ARM.attributes
                0x00000126       0x34 ./Core/Src/stm32f4xx_hal_msp.o
 .ARM.attributes
                0x0000015a       0x34 ./Core/Src/stm32f4xx_hal_timebase_tim.o
 .ARM.attributes
                0x0000018e       0x34 ./Core/Src/stm32f4xx_it.o
 .ARM.attributes
                0x000001c2       0x34 ./Core/Src/sysmem.o
 .ARM.attributes
                0x000001f6       0x34 ./Core/Src/system_stm32f4xx.o
 .ARM.attributes
                0x0000022a       0x21 ./Core/Startup/startup_stm32f446retx.o
 .ARM.attributes
                0x0000024b       0x34 ./Drivers/STM32F4xx_HAL_Driver/Src/stm32f4xx_hal.o
 .ARM.attributes
                0x0000027f       0x34 ./Drivers/STM32F4xx_HAL_Driver/Src/stm32f4xx_hal_cortex.o
 .ARM.attributes
                0x000002b3       0x34 ./Drivers/STM32F4xx_HAL_Driver/Src/stm32f4xx_hal_gpio.o
 .ARM.attributes
                0x000002e7       0x34 ./Drivers/STM32F4xx_HAL_Driver/Src/stm32f4xx_hal_i2c.o
 .ARM.attributes
                0x0000031b       0x34 ./Drivers/STM32F4xx_HAL_Driver/Src/stm32f4xx_hal_rcc.o
 .ARM.attributes
                0x0000034f       0x34 ./Drivers/STM32F4xx_HAL_Driver/Src/stm32f4xx_hal_rcc_ex.o
 .ARM.attributes
                0x00000383       0x34 ./Drivers/STM32F4xx_HAL_Driver/Src/stm32f4xx_hal_tim.o
 .ARM.attributes
                0x000003b7       0x34 ./Drivers/STM32F4xx_HAL_Driver/Src/stm32f4xx_hal_tim_ex.o
 .ARM.attributes
                0x000003eb       0x34 ./Drivers/STM32F4xx_HAL_Driver/Src/stm32f4xx_hal_uart.o
 .ARM.attributes
                0x0000041f       0x34 ./Middlewares/Third_Party/FreeRTOS/Source/list.o
 .ARM.attributes
                0x00000453       0x34 ./Middlewares/Third_Party/FreeRTOS/Source/queue.o
 .ARM.attributes
                0x00000487       0x34 ./Middlewares/Third_Party/FreeRTOS/Source/tasks.o
 .ARM.attributes
                0x000004bb       0x34 ./Middlewares/Third_Party/FreeRTOS/Source/portable/GCC/ARM_CM4F/port.o
 .ARM.attributes
                0x000004ef       0x34 ./Middlewares/Third_Party/FreeRTOS/Source/portable/MemMang/heap_4.o
 .ARM.attributes
                0x00000523       0x34 C:/ST/STM32CubeIDE_2.0.0/STM32CubeIDE/plugins/com.st.stm32cube.ide.mcu.externaltools.gnu-tools-for-stm32.13.3.rel1.win32_1.0.100.202509120712/tools/bin/../lib/gcc/arm-none-eabi/13.3.1/../../../../arm-none-eabi/lib/thumb/v7e-m+fp/hard\libc_nano.a(libc_a-findfp.o)
 .ARM.attributes
                0x00000557       0x34 C:/ST/STM32CubeIDE_2.0.0/STM32CubeIDE/plugins/com.st.stm32cube.ide.mcu.externaltools.gnu-tools-for-stm32.13.3.rel1.win32_1.0.100.202509120712/tools/bin/../lib/gcc/arm-none-eabi/13.3.1/../../../../arm-none-eabi/lib/thumb/v7e-m+fp/hard\libc_nano.a(libc_a-snprintf.o)
 .ARM.attributes
                0x0000058b       0x34 C:/ST/STM32CubeIDE_2.0.0/STM32CubeIDE/plugins/com.st.stm32cube.ide.mcu.externaltools.gnu-tools-for-stm32.13.3.rel1.win32_1.0.100.202509120712/tools/bin/../lib/gcc/arm-none-eabi/13.3.1/../../../../arm-none-eabi/lib/thumb/v7e-m+fp/hard\libc_nano.a(libc_a-memset.o)
 .ARM.attributes
                0x000005bf       0x34 C:/ST/STM32CubeIDE_2.0.0/STM32CubeIDE/plugins/com.st.stm32cube.ide.mcu.externaltools.gnu-tools-for-stm32.13.3.rel1.win32_1.0.100.202509120712/tools/bin/../lib/gcc/arm-none-eabi/13.3.1/../../../../arm-none-eabi/lib/thumb/v7e-m+fp/hard\libc_nano.a(libc_a-reent.o)
 .ARM.attributes
                0x000005f3       0x34 C:/ST/STM32CubeIDE_2.0.0/STM32CubeIDE/plugins/com.st.stm32cube.ide.mcu.externaltools.gnu-tools-for-stm32.13.3.rel1.win32_1.0.100.202509120712/tools/bin/../lib/gcc/arm-none-eabi/13.3.1/../../../../arm-none-eabi/lib/thumb/v7e-m+fp/hard\libc_nano.a(libc_a-impure.o)
 .ARM.attributes
                0x00000627       0x34 C:/ST/STM32CubeIDE_2.0.0/STM32CubeIDE/plugins/com.st.stm32cube.ide.mcu.externaltools.gnu-tools-for-stm32.13.3.rel1.win32_1.0.100.202509120712/tools/bin/../lib/gcc/arm-none-eabi/13.3.1/../../../../arm-none-eabi/lib/thumb/v7e-m+fp/hard\libc_nano.a(libc_a-errno.o)
 .ARM.attributes
                0x0000065b       0x34 C:/ST/STM32CubeIDE_2.0.0/STM32CubeIDE/plugins/com.st.stm32cube.ide.mcu.externaltools.gnu-tools-for-stm32.13.3.rel1.win32_1.0.100.202509120712/tools/bin/../lib/gcc/arm-none-eabi/13.3.1/../../../../arm-none-eabi/lib/thumb/v7e-m+fp/hard\libc_nano.a(libc_a-init.o)
 .ARM.attributes
                0x0000068f       0x34 C:/ST/STM32CubeIDE_2.0.0/STM32CubeIDE/plugins/com.st.stm32cube.ide.mcu.externaltools.gnu-tools-for-stm32.13.3.rel1.win32_1.0.100.202509120712/tools/bin/../lib/gcc/arm-none-eabi/13.3.1/../../../../arm-none-eabi/lib/thumb/v7e-m+fp/hard\libc_nano.a(libc_a-lock.o)
 .ARM.attributes
                0x000006c3       0x34 C:/ST/STM32CubeIDE_2.0.0/STM32CubeIDE/plugins/com.st.stm32cube.ide.mcu.externaltools.gnu-tools-for-stm32.13.3.rel1.win32_1.0.100.202509120712/tools/bin/../lib/gcc/arm-none-eabi/13.3.1/../../../../arm-none-eabi/lib/thumb/v7e-m+fp/hard\libc_nano.a(libc_a-memcpy-stub.o)
 .ARM.attributes
                0x000006f7       0x17 C:/ST/STM32CubeIDE_2.0.0/STM32CubeIDE/plugins/com.st.stm32cube.ide.mcu.externaltools.gnu-tools-for-stm32.13.3.rel1.win32_1.0.100.202509120712/tools/bin/../lib/gcc/arm-none-eabi/13.3.1/../../../../arm-none-eabi/lib/thumb/v7e-m+fp/hard\libc_nano.a(libc_a-strlen.o)
 .ARM.attributes
                0x0000070e       0x34 C:/ST/STM32CubeIDE_2.0.0/STM32CubeIDE/plugins/com.st.stm32cube.ide.mcu.externaltools.gnu-tools-for-stm32.13.3.rel1.win32_1.0.100.202509120712/tools/bin/../lib/gcc/arm-none-eabi/13.3.1/../../../../arm-none-eabi/lib/thumb/v7e-m+fp/hard\libc_nano.a(libc_a-freer.o)
 .ARM.attributes
                0x00000742       0x34 C:/ST/STM32CubeIDE_2.0.0/STM32CubeIDE/plugins/com.st.stm32cube.ide.mcu.externaltools.gnu-tools-for-stm32.13.3.rel1.win32_1.0.100.202509120712/tools/bin/../lib/gcc/arm-none-eabi/13.3.1/../../../../arm-none-eabi/lib/thumb/v7e-m+fp/hard\libc_nano.a(libc_a-mallocr.o)
 .ARM.attributes
                0x00000776       0x34 C:/ST/STM32CubeIDE_2.0.0/STM32CubeIDE/plugins/com.st.stm32cube.ide.mcu.externaltools.gnu-tools-for-stm32.13.3.rel1.win32_1.0.100.202509120712/tools/bin/../lib/gcc/arm-none-eabi/13.3.1/../../../../arm-none-eabi/lib/thumb/v7e-m+fp/hard\libc_nano.a(libc_a-mlock.o)
 .ARM.attributes
                0x000007aa       0x34 C:/ST/STM32CubeIDE_2.0.0/STM32CubeIDE/plugins/com.st.stm32cube.ide.mcu.externaltools.gnu-tools-for-stm32.13.3.rel1.win32_1.0.100.202509120712/tools/bin/../lib/gcc/arm-none-eabi/13.3.1/../../../../arm-none-eabi/lib/thumb/v7e-m+fp/hard\libc_nano.a(libc_a-nano-svfprintf.o)
 .ARM.attributes
                0x000007de       0x34 C:/ST/STM32CubeIDE_2.0.0/STM32CubeIDE/plugins/com.st.stm32cube.ide.mcu.externaltools.gnu-tools-for-stm32.13.3.rel1.win32_1.0.100.202509120712/tools/bin/../lib/gcc/arm-none-eabi/13.3.1/../../../../arm-none-eabi/lib/thumb/v7e-m+fp/hard\libc_nano.a(libc_a-nano-vfprintf_i.o)
 .ARM.attributes
                0x00000812       0x34 C:/ST/STM32CubeIDE_2.0.0/STM32CubeIDE/plugins/com.st.stm32cube.ide.mcu.externaltools.gnu-tools-for-stm32.13.3.rel1.win32_1.0.100.202509120712/tools/bin/../lib/gcc/arm-none-eabi/13.3.1/../../../../arm-none-eabi/lib/thumb/v7e-m+fp/hard\libc_nano.a(libc_a-memmove.o)
 .ARM.attributes
                0x00000846       0x34 C:/ST/STM32CubeIDE_2.0.0/STM32CubeIDE/plugins/com.st.stm32cube.ide.mcu.externaltools.gnu-tools-for-stm32.13.3.rel1.win32_1.0.100.202509120712/tools/bin/../lib/gcc/arm-none-eabi/13.3.1/../../../../arm-none-eabi/lib/thumb/v7e-m+fp/hard\libc_nano.a(libc_a-sbrkr.o)
 .ARM.attributes
                0x0000087a       0x1c C:/ST/STM32CubeIDE_2.0.0/STM32CubeIDE/plugins/com.st.stm32cube.ide.mcu.externaltools.gnu-tools-for-stm32.13.3.rel1.win32_1.0.100.202509120712/tools/bin/../lib/gcc/arm-none-eabi/13.3.1/../../../../arm-none-eabi/lib/thumb/v7e-m+fp/hard\libc_nano.a(libc_a-memchr.o)
 .ARM.attributes
                0x00000896       0x34 C:/ST/STM32CubeIDE_2.0.0/STM32CubeIDE/plugins/com.st.stm32cube.ide.mcu.externaltools.gnu-tools-for-stm32.13.3.rel1.win32_1.0.100.202509120712/tools/bin/../lib/gcc/arm-none-eabi/13.3.1/../../../../arm-none-eabi/lib/thumb/v7e-m+fp/hard\libc_nano.a(libc_a-reallocr.o)
 .ARM.attributes
                0x000008ca       0x34 C:/ST/STM32CubeIDE_2.0.0/STM32CubeIDE/plugins/com.st.stm32cube.ide.mcu.externaltools.gnu-tools-for-stm32.13.3.rel1.win32_1.0.100.202509120712/tools/bin/../lib/gcc/arm-none-eabi/13.3.1/../../../../arm-none-eabi/lib/thumb/v7e-m+fp/hard\libc_nano.a(libc_a-msizer.o)
 .ARM.attributes
                0x000008fe       0x22 C:/ST/STM32CubeIDE_2.0.0/STM32CubeIDE/plugins/com.st.stm32cube.ide.mcu.externaltools.gnu-tools-for-stm32.13.3.rel1.win32_1.0.100.202509120712/tools/bin/../lib/gcc/arm-none-eabi/13.3.1/thumb/v7e-m+fp/hard\libgcc.a(_aeabi_uldivmod.o)
 .ARM.attributes
                0x00000920       0x34 C:/ST/STM32CubeIDE_2.0.0/STM32CubeIDE/plugins/com.st.stm32cube.ide.mcu.externaltools.gnu-tools-for-stm32.13.3.rel1.win32_1.0.100.202509120712/tools/bin/../lib/gcc/arm-none-eabi/13.3.1/thumb/v7e-m+fp/hard\libgcc.a(_udivmoddi4.o)
 .ARM.attributes
                0x00000954       0x22 C:/ST/STM32CubeIDE_2.0.0/STM32CubeIDE/plugins/com.st.stm32cube.ide.mcu.externaltools.gnu-tools-for-stm32.13.3.rel1.win32_1.0.100.202509120712/tools/bin/../lib/gcc/arm-none-eabi/13.3.1/thumb/v7e-m+fp/hard\libgcc.a(_dvmd_tls.o)
 .ARM.attributes
                0x00000976       0x22 C:/ST/STM32CubeIDE_2.0.0/STM32CubeIDE/plugins/com.st.stm32cube.ide.mcu.externaltools.gnu-tools-for-stm32.13.3.rel1.win32_1.0.100.202509120712/tools/bin/../lib/gcc/arm-none-eabi/13.3.1/thumb/v7e-m+fp/hard/crtn.o
OUTPUT(FinalProjectBB.elf elf32-littlearm)
LOAD linker stubs
LOAD C:/ST/STM32CubeIDE_2.0.0/STM32CubeIDE/plugins/com.st.stm32cube.ide.mcu.externaltools.gnu-tools-for-stm32.13.3.rel1.win32_1.0.100.202509120712/tools/bin/../lib/gcc/arm-none-eabi/13.3.1/../../../../arm-none-eabi/lib/thumb/v7e-m+fp/hard\libc.a
LOAD C:/ST/STM32CubeIDE_2.0.0/STM32CubeIDE/plugins/com.st.stm32cube.ide.mcu.externaltools.gnu-tools-for-stm32.13.3.rel1.win32_1.0.100.202509120712/tools/bin/../lib/gcc/arm-none-eabi/13.3.1/../../../../arm-none-eabi/lib/thumb/v7e-m+fp/hard\libm.a
LOAD C:/ST/STM32CubeIDE_2.0.0/STM32CubeIDE/plugins/com.st.stm32cube.ide.mcu.externaltools.gnu-tools-for-stm32.13.3.rel1.win32_1.0.100.202509120712/tools/bin/../lib/gcc/arm-none-eabi/13.3.1/thumb/v7e-m+fp/hard\libgcc.a

.debug_info     0x00000000    0x15df1
 .debug_info    0x00000000      0x279 ./Core/Src/freertos.o
 .debug_info    0x00000279     0x19fc ./Core/Src/main.o
 .debug_info    0x00001c75     0x128f ./Core/Src/ssd1306.o
 .debug_info    0x00002f04      0x2a4 ./Core/Src/ssd1306_fonts.o
 .debug_info    0x000031a8      0xec4 ./Core/Src/stm32f4xx_hal_msp.o
 .debug_info    0x0000406c      0xc44 ./Core/Src/stm32f4xx_hal_timebase_tim.o
 .debug_info    0x00004cb0      0x6f3 ./Core/Src/stm32f4xx_it.o
 .debug_info    0x000053a3      0x168 ./Core/Src/sysmem.o
 .debug_info    0x0000550b      0x54a ./Core/Src/system_stm32f4xx.o
 .debug_info    0x00005a55       0x30 ./Core/Startup/startup_stm32f446retx.o
 .debug_info    0x00005a85      0x99a ./Drivers/STM32F4xx_HAL_Driver/Src/stm32f4xx_hal.o
 .debug_info    0x0000641f      0xdaa ./Drivers/STM32F4xx_HAL_Driver/Src/stm32f4xx_hal_cortex.o
 .debug_info    0x000071c9      0x70b ./Drivers/STM32F4xx_HAL_Driver/Src/stm32f4xx_hal_gpio.o
 .debug_info    0x000078d4     0x2421 ./Drivers/STM32F4xx_HAL_Driver/Src/stm32f4xx_hal_i2c.o
 .debug_info    0x00009cf5      0x8ff ./Drivers/STM32F4xx_HAL_Driver/Src/stm32f4xx_hal_rcc.o
 .debug_info    0x0000a5f4      0x960 ./Drivers/STM32F4xx_HAL_Driver/Src/stm32f4xx_hal_rcc_ex.o
 .debug_info    0x0000af54     0x299d ./Drivers/STM32F4xx_HAL_Driver/Src/stm32f4xx_hal_tim.o
 .debug_info    0x0000d8f1     0x14db ./Drivers/STM32F4xx_HAL_Driver/Src/stm32f4xx_hal_tim_ex.o
 .debug_info    0x0000edcc     0x2f4f ./Drivers/STM32F4xx_HAL_Driver/Src/stm32f4xx_hal_uart.o
 .debug_info    0x00011d1b      0x2af ./Middlewares/Third_Party/FreeRTOS/Source/list.o
 .debug_info    0x00011fca     0x17cd ./Middlewares/Third_Party/FreeRTOS/Source/queue.o
 .debug_info    0x00013797     0x1ca7 ./Middlewares/Third_Party/FreeRTOS/Source/tasks.o
 .debug_info    0x0001543e      0x4de ./Middlewares/Third_Party/FreeRTOS/Source/portable/GCC/ARM_CM4F/port.o
 .debug_info    0x0001591c      0x4d5 ./Middlewares/Third_Party/FreeRTOS/Source/portable/MemMang/heap_4.o

.debug_abbrev   0x00000000     0x32ac
 .debug_abbrev  0x00000000       0xd2 ./Core/Src/freertos.o
 .debug_abbrev  0x000000d2      0x369 ./Core/Src/main.o
 .debug_abbrev  0x0000043b      0x357 ./Core/Src/ssd1306.o
 .debug_abbrev  0x00000792       0xcf ./Core/Src/ssd1306_fonts.o
 .debug_abbrev  0x00000861      0x1ca ./Core/Src/stm32f4xx_hal_msp.o
 .debug_abbrev  0x00000a2b      0x1f4 ./Core/Src/stm32f4xx_hal_timebase_tim.o
 .debug_abbrev  0x00000c1f      0x194 ./Core/Src/stm32f4xx_it.o
 .debug_abbrev  0x00000db3       0xbc ./Core/Src/sysmem.o
 .debug_abbrev  0x00000e6f      0x11a ./Core/Src/system_stm32f4xx.o
 .debug_abbrev  0x00000f89       0x24 ./Core/Startup/startup_stm32f446retx.o
 .debug_abbrev  0x00000fad      0x214 ./Drivers/STM32F4xx_HAL_Driver/Src/stm32f4xx_hal.o
 .debug_abbrev  0x000011c1      0x31d ./Drivers/STM32F4xx_HAL_Driver/Src/stm32f4xx_hal_cortex.o
 .debug_abbrev  0x000014de      0x1d4 ./Drivers/STM32F4xx_HAL_Driver/Src/stm32f4xx_hal_gpio.o
 .debug_abbrev  0x000016b2      0x2ad ./Drivers/STM32F4xx_HAL_Driver/Src/stm32f4xx_hal_i2c.o
 .debug_abbrev  0x0000195f      0x2b7 ./Drivers/STM32F4xx_HAL_Driver/Src/stm32f4xx_hal_rcc.o
 .debug_abbrev  0x00001c16      0x211 ./Drivers/STM32F4xx_HAL_Driver/Src/stm32f4xx_hal_rcc_ex.o
 .debug_abbrev  0x00001e27      0x278 ./Drivers/STM32F4xx_HAL_Driver/Src/stm32f4xx_hal_tim.o
 .debug_abbrev  0x0000209f      0x283 ./Drivers/STM32F4xx_HAL_Driver/Src/stm32f4xx_hal_tim_ex.o
 .debug_abbrev  0x00002322      0x30e ./Drivers/STM32F4xx_HAL_Driver/Src/stm32f4xx_hal_uart.o
 .debug_abbrev  0x00002630       0xf5 ./Middlewares/Third_Party/FreeRTOS/Source/list.o
 .debug_abbrev  0x00002725      0x3b5 ./Middlewares/Third_Party/FreeRTOS/Source/queue.o
 .debug_abbrev  0x00002ada      0x359 ./Middlewares/Third_Party/FreeRTOS/Source/tasks.o
 .debug_abbrev  0x00002e33      0x25c ./Middlewares/Third_Party/FreeRTOS/Source/portable/GCC/ARM_CM4F/port.o
 .debug_abbrev  0x0000308f      0x21d ./Middlewares/Third_Party/FreeRTOS/Source/portable/MemMang/heap_4.o

.debug_aranges  0x00000000     0x1408
 .debug_aranges
                0x00000000       0x20 ./Core/Src/freertos.o
 .debug_aranges
                0x00000020       0x70 ./Core/Src/main.o
 .debug_aranges
                0x00000090       0xe8 ./Core/Src/ssd1306.o
 .debug_aranges
                0x00000178       0x18 ./Core/Src/ssd1306_fonts.o
 .debug_aranges
                0x00000190       0x40 ./Core/Src/stm32f4xx_hal_msp.o
 .debug_aranges
                0x000001d0       0x30 ./Core/Src/stm32f4xx_hal_timebase_tim.o
 .debug_aranges
                0x00000200       0x60 ./Core/Src/stm32f4xx_it.o
 .debug_aranges
                0x00000260       0x20 ./Core/Src/sysmem.o
 .debug_aranges
                0x00000280       0x28 ./Core/Src/system_stm32f4xx.o
 .debug_aranges
                0x000002a8       0x28 ./Core/Startup/startup_stm32f446retx.o
 .debug_aranges
                0x000002d0       0xf0 ./Drivers/STM32F4xx_HAL_Driver/Src/stm32f4xx_hal.o
 .debug_aranges
                0x000003c0      0x130 ./Drivers/STM32F4xx_HAL_Driver/Src/stm32f4xx_hal_cortex.o
 .debug_aranges
                0x000004f0       0x58 ./Drivers/STM32F4xx_HAL_Driver/Src/stm32f4xx_hal_gpio.o
 .debug_aranges
                0x00000548      0x2a8 ./Drivers/STM32F4xx_HAL_Driver/Src/stm32f4xx_hal_i2c.o
 .debug_aranges
                0x000007f0       0x88 ./Drivers/STM32F4xx_HAL_Driver/Src/stm32f4xx_hal_rcc.o
 .debug_aranges
                0x00000878       0x78 ./Drivers/STM32F4xx_HAL_Driver/Src/stm32f4xx_hal_rcc_ex.o
 .debug_aranges
                0x000008f0      0x3d0 ./Drivers/STM32F4xx_HAL_Driver/Src/stm32f4xx_hal_tim.o
 .debug_aranges
                0x00000cc0      0x168 ./Drivers/STM32F4xx_HAL_Driver/Src/stm32f4xx_hal_tim_ex.o
 .debug_aranges
                0x00000e28      0x208 ./Drivers/STM32F4xx_HAL_Driver/Src/stm32f4xx_hal_uart.o
 .debug_aranges
                0x00001030       0x40 ./Middlewares/Third_Party/FreeRTOS/Source/list.o
 .debug_aranges
                0x00001070      0x108 ./Middlewares/Third_Party/FreeRTOS/Source/queue.o
 .debug_aranges
                0x00001178      0x1b8 ./Middlewares/Third_Party/FreeRTOS/Source/tasks.o
 .debug_aranges
                0x00001330       0x80 ./Middlewares/Third_Party/FreeRTOS/Source/portable/GCC/ARM_CM4F/port.o
 .debug_aranges
                0x000013b0       0x58 ./Middlewares/Third_Party/FreeRTOS/Source/portable/MemMang/heap_4.o

.debug_rnglists
                0x00000000      0xfaf
 .debug_rnglists
                0x00000000       0x13 ./Core/Src/freertos.o
 .debug_rnglists
                0x00000013       0x53 ./Core/Src/main.o
 .debug_rnglists
                0x00000066       0xb4 ./Core/Src/ssd1306.o
 .debug_rnglists
                0x0000011a       0x2d ./Core/Src/stm32f4xx_hal_msp.o
 .debug_rnglists
                0x00000147       0x20 ./Core/Src/stm32f4xx_hal_timebase_tim.o
 .debug_rnglists
                0x00000167       0x43 ./Core/Src/stm32f4xx_it.o
 .debug_rnglists
                0x000001aa       0x13 ./Core/Src/sysmem.o
 .debug_rnglists
                0x000001bd       0x1a ./Core/Src/system_stm32f4xx.o
 .debug_rnglists
                0x000001d7       0x19 ./Core/Startup/startup_stm32f446retx.o
 .debug_rnglists
                0x000001f0       0xaf ./Drivers/STM32F4xx_HAL_Driver/Src/stm32f4xx_hal.o
 .debug_rnglists
                0x0000029f       0xe0 ./Drivers/STM32F4xx_HAL_Driver/Src/stm32f4xx_hal_cortex.o
 .debug_rnglists
                0x0000037f       0x3f ./Drivers/STM32F4xx_HAL_Driver/Src/stm32f4xx_hal_gpio.o
 .debug_rnglists
                0x000003be      0x23c ./Drivers/STM32F4xx_HAL_Driver/Src/stm32f4xx_hal_i2c.o
 .debug_rnglists
                0x000005fa       0x66 ./Drivers/STM32F4xx_HAL_Driver/Src/stm32f4xx_hal_rcc.o
 .debug_rnglists
                0x00000660       0x5e ./Drivers/STM32F4xx_HAL_Driver/Src/stm32f4xx_hal_rcc_ex.o
 .debug_rnglists
                0x000006be      0x31a ./Drivers/STM32F4xx_HAL_Driver/Src/stm32f4xx_hal_tim.o
 .debug_rnglists
                0x000009d8      0x125 ./Drivers/STM32F4xx_HAL_Driver/Src/stm32f4xx_hal_tim_ex.o
 .debug_rnglists
                0x00000afd      0x1bc ./Drivers/STM32F4xx_HAL_Driver/Src/stm32f4xx_hal_uart.o
 .debug_rnglists
                0x00000cb9       0x2b ./Middlewares/Third_Party/FreeRTOS/Source/list.o
 .debug_rnglists
                0x00000ce4       0xcd ./Middlewares/Third_Party/FreeRTOS/Source/queue.o
 .debug_rnglists
                0x00000db1      0x15f ./Middlewares/Third_Party/FreeRTOS/Source/tasks.o
 .debug_rnglists
                0x00000f10       0x5d ./Middlewares/Third_Party/FreeRTOS/Source/portable/GCC/ARM_CM4F/port.o
 .debug_rnglists
                0x00000f6d       0x42 ./Middlewares/Third_Party/FreeRTOS/Source/portable/MemMang/heap_4.o

.debug_macro    0x00000000    0x24844
 .debug_macro   0x00000000      0x25e ./Core/Src/freertos.o
 .debug_macro   0x0000025e      0xad8 ./Core/Src/freertos.o
 .debug_macro   0x00000d36      0x190 ./Core/Src/freertos.o
 .debug_macro   0x00000ec6       0x22 ./Core/Src/freertos.o
 .debug_macro   0x00000ee8       0x8e ./Core/Src/freertos.o
 .debug_macro   0x00000f76       0x51 ./Core/Src/freertos.o
 .debug_macro   0x00000fc7      0x103 ./Core/Src/freertos.o
 .debug_macro   0x000010ca       0x6a ./Core/Src/freertos.o
 .debug_macro   0x00001134      0x1df ./Core/Src/freertos.o
 .debug_macro   0x00001313       0xea ./Core/Src/freertos.o
 .debug_macro   0x000013fd      0x15a ./Core/Src/freertos.o
 .debug_macro   0x00001557       0xde ./Core/Src/freertos.o
 .debug_macro   0x00001635       0x1c ./Core/Src/freertos.o
 .debug_macro   0x00001651       0x26 ./Core/Src/freertos.o
 .debug_macro   0x00001677      0x504 ./Core/Src/freertos.o
 .debug_macro   0x00001b7b       0xb5 ./Core/Src/freertos.o
 .debug_macro   0x00001c30       0xaa ./Core/Src/freertos.o
 .debug_macro   0x00001cda      0x2a1 ./Core/Src/freertos.o
 .debug_macro   0x00001f7b       0x2e ./Core/Src/freertos.o
 .debug_macro   0x00001fa9       0x28 ./Core/Src/freertos.o
 .debug_macro   0x00001fd1       0x1c ./Core/Src/freertos.o
 .debug_macro   0x00001fed       0x22 ./Core/Src/freertos.o
 .debug_macro   0x0000200f       0xfb ./Core/Src/freertos.o
 .debug_macro   0x0000210a     0x1011 ./Core/Src/freertos.o
 .debug_macro   0x0000311b      0x11f ./Core/Src/freertos.o
 .debug_macro   0x0000323a    0x1675e ./Core/Src/freertos.o
 .debug_macro   0x00019998       0x6d ./Core/Src/freertos.o
 .debug_macro   0x00019a05     0x3693 ./Core/Src/freertos.o
 .debug_macro   0x0001d098       0x5c ./Core/Src/freertos.o
 .debug_macro   0x0001d0f4      0xca5 ./Core/Src/freertos.o
 .debug_macro   0x0001dd99      0x9e9 ./Core/Src/freertos.o
 .debug_macro   0x0001e782      0x115 ./Core/Src/freertos.o
 .debug_macro   0x0001e897      0x1a0 ./Core/Src/freertos.o
 .debug_macro   0x0001ea37       0xa5 ./Core/Src/freertos.o
 .debug_macro   0x0001eadc      0x16d ./Core/Src/freertos.o
 .debug_macro   0x0001ec49      0x287 ./Core/Src/freertos.o
 .debug_macro   0x0001eed0       0x5f ./Core/Src/freertos.o
 .debug_macro   0x0001ef2f      0x236 ./Core/Src/freertos.o
 .debug_macro   0x0001f165      0x132 ./Core/Src/freertos.o
 .debug_macro   0x0001f297      0x29c ./Core/Src/freertos.o
 .debug_macro   0x0001f533       0x2e ./Core/Src/freertos.o
 .debug_macro   0x0001f561      0x1b5 ./Core/Src/freertos.o
 .debug_macro   0x0001f716       0x22 ./Core/Src/freertos.o
 .debug_macro   0x0001f738       0xd6 ./Core/Src/freertos.o
 .debug_macro   0x0001f80e      0x127 ./Core/Src/freertos.o
 .debug_macro   0x0001f935       0xe8 ./Core/Src/freertos.o
 .debug_macro   0x0001fa1d       0x89 ./Core/Src/freertos.o
 .debug_macro   0x0001faa6      0x8ed ./Core/Src/freertos.o
 .debug_macro   0x00020393       0x53 ./Core/Src/freertos.o
 .debug_macro   0x000203e6      0x2aa ./Core/Src/freertos.o
 .debug_macro   0x00020690      0x126 ./Core/Src/freertos.o
 .debug_macro   0x000207b6       0x82 ./Core/Src/freertos.o
 .debug_macro   0x00020838      0x3df ./Core/Src/main.o
 .debug_macro   0x00020c17       0xea ./Core/Src/main.o
 .debug_macro   0x00020d01       0x91 ./Core/Src/main.o
 .debug_macro   0x00020d92       0x8d ./Core/Src/main.o
 .debug_macro   0x00020e1f       0x7e ./Core/Src/main.o
 .debug_macro   0x00020e9d       0x19 ./Core/Src/main.o
 .debug_macro   0x00020eb6       0xf2 ./Core/Src/main.o
 .debug_macro   0x00020fa8       0x61 ./Core/Src/main.o
 .debug_macro   0x00021009       0x2a ./Core/Src/main.o
 .debug_macro   0x00021033       0x43 ./Core/Src/main.o
 .debug_macro   0x00021076       0x34 ./Core/Src/main.o
 .debug_macro   0x000210aa       0x46 ./Core/Src/main.o
 .debug_macro   0x000210f0       0x4c ./Core/Src/main.o
 .debug_macro   0x0002113c       0x16 ./Core/Src/main.o
 .debug_macro   0x00021152       0x3c ./Core/Src/main.o
 .debug_macro   0x0002118e      0x370 ./Core/Src/main.o
 .debug_macro   0x000214fe       0x10 ./Core/Src/main.o
 .debug_macro   0x0002150e       0x16 ./Core/Src/main.o
 .debug_macro   0x00021524       0x4a ./Core/Src/main.o
 .debug_macro   0x0002156e       0x34 ./Core/Src/main.o
 .debug_macro   0x000215a2       0x10 ./Core/Src/main.o
 .debug_macro   0x000215b2       0x58 ./Core/Src/main.o
 .debug_macro   0x0002160a       0x8e ./Core/Src/main.o
 .debug_macro   0x00021698       0x1c ./Core/Src/main.o
 .debug_macro   0x000216b4      0x185 ./Core/Src/main.o
 .debug_macro   0x00021839       0x16 ./Core/Src/main.o
 .debug_macro   0x0002184f       0x16 ./Core/Src/main.o
 .debug_macro   0x00021865      0x146 ./Core/Src/main.o
 .debug_macro   0x000219ab       0x16 ./Core/Src/main.o
 .debug_macro   0x000219c1       0x20 ./Core/Src/main.o
 .debug_macro   0x000219e1      0x312 ./Core/Src/ssd1306.o
 .debug_macro   0x00021cf3       0x28 ./Core/Src/ssd1306.o
 .debug_macro   0x00021d1b      0x19b ./Core/Src/ssd1306.o
 .debug_macro   0x00021eb6       0x16 ./Core/Src/ssd1306.o
 .debug_macro   0x00021ecc       0x16 ./Core/Src/ssd1306.o
 .debug_macro   0x00021ee2       0x29 ./Core/Src/ssd1306.o
 .debug_macro   0x00021f0b      0x23d ./Core/Src/ssd1306_fonts.o
 .debug_macro   0x00022148      0x1f6 ./Core/Src/stm32f4xx_hal_msp.o
 .debug_macro   0x0002233e      0x1e7 ./Core/Src/stm32f4xx_hal_timebase_tim.o
 .debug_macro   0x00022525      0x200 ./Core/Src/stm32f4xx_it.o
 .debug_macro   0x00022725      0x112 ./Core/Src/sysmem.o
 .debug_macro   0x00022837      0x23c ./Core/Src/sysmem.o
 .debug_macro   0x00022a73      0x1e7 ./Core/Src/system_stm32f4xx.o
 .debug_macro   0x00022c5a      0x247 ./Drivers/STM32F4xx_HAL_Driver/Src/stm32f4xx_hal.o
 .debug_macro   0x00022ea1      0x1e7 ./Drivers/STM32F4xx_HAL_Driver/Src/stm32f4xx_hal_cortex.o
 .debug_macro   0x00023088      0x1ed ./Drivers/STM32F4xx_HAL_Driver/Src/stm32f4xx_hal_gpio.o
 .debug_macro   0x00023275      0x235 ./Drivers/STM32F4xx_HAL_Driver/Src/stm32f4xx_hal_i2c.o
 .debug_macro   0x000234aa      0x20b ./Drivers/STM32F4xx_HAL_Driver/Src/stm32f4xx_hal_rcc.o
 .debug_macro   0x000236b5      0x1e7 ./Drivers/STM32F4xx_HAL_Driver/Src/stm32f4xx_hal_rcc_ex.o
 .debug_macro   0x0002389c      0x1e8 ./Drivers/STM32F4xx_HAL_Driver/Src/stm32f4xx_hal_tim.o
 .debug_macro   0x00023a84      0x1e7 ./Drivers/STM32F4xx_HAL_Driver/Src/stm32f4xx_hal_tim_ex.o
 .debug_macro   0x00023c6b      0x1e8 ./Drivers/STM32F4xx_HAL_Driver/Src/stm32f4xx_hal_uart.o
 .debug_macro   0x00023e53      0x187 ./Middlewares/Third_Party/FreeRTOS/Source/list.o
 .debug_macro   0x00023fda      0x216 ./Middlewares/Third_Party/FreeRTOS/Source/queue.o
 .debug_macro   0x000241f0       0x87 ./Middlewares/Third_Party/FreeRTOS/Source/queue.o
 .debug_macro   0x00024277      0x279 ./Middlewares/Third_Party/FreeRTOS/Source/tasks.o
 .debug_macro   0x000244f0       0x10 ./Middlewares/Third_Party/FreeRTOS/Source/tasks.o
 .debug_macro   0x00024500      0x196 ./Middlewares/Third_Party/FreeRTOS/Source/portable/GCC/ARM_CM4F/port.o
 .debug_macro   0x00024696      0x1ae ./Middlewares/Third_Party/FreeRTOS/Source/portable/MemMang/heap_4.o

.debug_line     0x00000000    0x196f1
 .debug_line    0x00000000      0x87a ./Core/Src/freertos.o
 .debug_line    0x0000087a      0xd57 ./Core/Src/main.o
 .debug_line    0x000015d1     0x11d6 ./Core/Src/ssd1306.o
 .debug_line    0x000027a7      0x873 ./Core/Src/ssd1306_fonts.o
 .debug_line    0x0000301a      0x828 ./Core/Src/stm32f4xx_hal_msp.o
 .debug_line    0x00003842      0x7f9 ./Core/Src/stm32f4xx_hal_timebase_tim.o
 .debug_line    0x0000403b      0x835 ./Core/Src/stm32f4xx_it.o
 .debug_line    0x00004870      0x58d ./Core/Src/sysmem.o
 .debug_line    0x00004dfd      0x7f1 ./Core/Src/system_stm32f4xx.o
 .debug_line    0x000055ee       0x7a ./Core/Startup/startup_stm32f446retx.o
 .debug_line    0x00005668      0xa6d ./Drivers/STM32F4xx_HAL_Driver/Src/stm32f4xx_hal.o
 .debug_line    0x000060d5      0xd3d ./Drivers/STM32F4xx_HAL_Driver/Src/stm32f4xx_hal_cortex.o
 .debug_line    0x00006e12      0xbb1 ./Drivers/STM32F4xx_HAL_Driver/Src/stm32f4xx_hal_gpio.o
 .debug_line    0x000079c3     0x3b1a ./Drivers/STM32F4xx_HAL_Driver/Src/stm32f4xx_hal_i2c.o
 .debug_line    0x0000b4dd      0xe88 ./Drivers/STM32F4xx_HAL_Driver/Src/stm32f4xx_hal_rcc.o
 .debug_line    0x0000c365     0x1539 ./Drivers/STM32F4xx_HAL_Driver/Src/stm32f4xx_hal_rcc_ex.o
 .debug_line    0x0000d89e     0x37e2 ./Drivers/STM32F4xx_HAL_Driver/Src/stm32f4xx_hal_tim.o
 .debug_line    0x00011080     0x19cd ./Drivers/STM32F4xx_HAL_Driver/Src/stm32f4xx_hal_tim_ex.o
 .debug_line    0x00012a4d     0x25b5 ./Drivers/STM32F4xx_HAL_Driver/Src/stm32f4xx_hal_uart.o
 .debug_line    0x00015002      0x791 ./Middlewares/Third_Party/FreeRTOS/Source/list.o
 .debug_line    0x00015793     0x14d5 ./Middlewares/Third_Party/FreeRTOS/Source/queue.o
 .debug_line    0x00016c68     0x18cc ./Middlewares/Third_Party/FreeRTOS/Source/tasks.o
 .debug_line    0x00018534      0x815 ./Middlewares/Third_Party/FreeRTOS/Source/portable/GCC/ARM_CM4F/port.o
 .debug_line    0x00018d49      0x9a8 ./Middlewares/Third_Party/FreeRTOS/Source/portable/MemMang/heap_4.o

.debug_str      0x00000000    0xdcdee
 .debug_str     0x00000000    0xdcdee ./Core/Src/freertos.o
                              0xcf1a4 (size before relaxing)
 .debug_str     0x000dcdee        0x0 ./Core/Src/main.o
                              0xd628d (size before relaxing)
 .debug_str     0x000dcdee        0x0 ./Core/Src/ssd1306.o
                              0xcf79a (size before relaxing)
 .debug_str     0x000dcdee        0x0 ./Core/Src/ssd1306_fonts.o
                              0xcb6f5 (size before relaxing)
 .debug_str     0x000dcdee        0x0 ./Core/Src/stm32f4xx_hal_msp.o
                              0xcc0bd (size before relaxing)
 .debug_str     0x000dcdee        0x0 ./Core/Src/stm32f4xx_hal_timebase_tim.o
                              0xcbdd2 (size before relaxing)
 .debug_str     0x000dcdee        0x0 ./Core/Src/stm32f4xx_it.o
                              0xcb894 (size before relaxing)
 .debug_str     0x000dcdee        0x0 ./Core/Src/sysmem.o
                               0x777f (size before relaxing)
 .debug_str     0x000dcdee        0x0 ./Core/Src/system_stm32f4xx.o
                              0xcb29a (size before relaxing)
 .debug_str     0x000dcdee        0x0 ./Core/Startup/startup_stm32f446retx.o
                                 0x81 (size before relaxing)
 .debug_str     0x000dcdee        0x0 ./Drivers/STM32F4xx_HAL_Driver/Src/stm32f4xx_hal.o
                              0xcbe5f (size before relaxing)
 .debug_str     0x000dcdee        0x0 ./Drivers/STM32F4xx_HAL_Driver/Src/stm32f4xx_hal_cortex.o
                              0xcbbb6 (size before relaxing)
 .debug_str     0x000dcdee        0x0 ./Drivers/STM32F4xx_HAL_Driver/Src/stm32f4xx_hal_gpio.o
                              0xcb415 (size before relaxing)
 .debug_str     0x000dcdee        0x0 ./Drivers/STM32F4xx_HAL_Driver/Src/stm32f4xx_hal_i2c.o
                              0xcc298 (size before relaxing)
 .debug_str     0x000dcdee        0x0 ./Drivers/STM32F4xx_HAL_Driver/Src/stm32f4xx_hal_rcc.o
                              0xcb6d3 (size before relaxing)
 .debug_str     0x000dcdee        0x0 ./Drivers/STM32F4xx_HAL_Driver/Src/stm32f4xx_hal_rcc_ex.o
                              0xcb706 (size before relaxing)
 .debug_str     0x000dcdee        0x0 ./Drivers/STM32F4xx_HAL_Driver/Src/stm32f4xx_hal_tim.o
                              0xcc5ff (size before relaxing)
 .debug_str     0x000dcdee        0x0 ./Drivers/STM32F4xx_HAL_Driver/Src/stm32f4xx_hal_tim_ex.o
                              0xcbe0b (size before relaxing)
 .debug_str     0x000dcdee        0x0 ./Drivers/STM32F4xx_HAL_Driver/Src/stm32f4xx_hal_uart.o
                              0xcbc8a (size before relaxing)
 .debug_str     0x000dcdee        0x0 ./Middlewares/Third_Party/FreeRTOS/Source/list.o
                               0xac2b (size before relaxing)
 .debug_str     0x000dcdee        0x0 ./Middlewares/Third_Party/FreeRTOS/Source/queue.o
                               0xc5be (size before relaxing)